---
source: xtask/src/main.rs
description: riscv64-linux-musl-gcc (GCC) 11.2.1 20211120
expression: from_utf8(&output.stdout).unwrap()
---
printf:     file format elf64-littleriscv


Disassembly of section .plt:

00000000000005d0 <.plt>:
 5d0:	00003397          	auipc	t2,0x3
 5d4:	41c30333          	sub	t1,t1,t3
 5d8:	a383be03          	ld	t3,-1480(t2) # 3008 <__TMC_END__>
 5dc:	fd430313          	addi	t1,t1,-44
 5e0:	a3838293          	addi	t0,t2,-1480
 5e4:	00135313          	srli	t1,t1,0x1
 5e8:	0082b283          	ld	t0,8(t0)
 5ec:	000e0067          	jr	t3

00000000000005f0 <printf@plt>:
 5f0:	00003e17          	auipc	t3,0x3
 5f4:	a28e3e03          	ld	t3,-1496(t3) # 3018 <printf>
 5f8:	000e0367          	jalr	t1,t3
 5fc:	00000013          	nop

0000000000000600 <puts@plt>:
 600:	00003e17          	auipc	t3,0x3
 604:	a20e3e03          	ld	t3,-1504(t3) # 3020 <puts>
 608:	000e0367          	jalr	t1,t3
 60c:	00000013          	nop

0000000000000610 <sleep@plt>:
 610:	00003e17          	auipc	t3,0x3
 614:	a18e3e03          	ld	t3,-1512(t3) # 3028 <sleep>
 618:	000e0367          	jalr	t1,t3
 61c:	00000013          	nop

0000000000000620 <__libc_start_main@plt>:
 620:	00003e17          	auipc	t3,0x3
 624:	a10e3e03          	ld	t3,-1520(t3) # 3030 <__libc_start_main>
 628:	000e0367          	jalr	t1,t3
 62c:	00000013          	nop

Disassembly of section .text:

0000000000000630 <_start>:
 630:	00003197          	auipc	gp,0x3
 634:	1d018193          	addi	gp,gp,464 # 3800 <__global_pointer$>
 638:	850a                	mv	a0,sp
 63a:	00003597          	auipc	a1,0x3
 63e:	80658593          	addi	a1,a1,-2042 # 2e40 <_DYNAMIC>
 642:	ff017113          	andi	sp,sp,-16
 646:	a009                	j	648 <_start_c>

0000000000000648 <_start_c>:
 648:	410c                	lw	a1,0(a0)
 64a:	00850613          	addi	a2,a0,8
 64e:	4781                	li	a5,0
 650:	00003717          	auipc	a4,0x3
 654:	a2073703          	ld	a4,-1504(a4) # 3070 <_fini>
 658:	00003697          	auipc	a3,0x3
 65c:	9f06b683          	ld	a3,-1552(a3) # 3048 <_init>
 660:	00003517          	auipc	a0,0x3
 664:	a0853503          	ld	a0,-1528(a0) # 3068 <_GLOBAL_OFFSET_TABLE_+0x30>
 668:	bf65                	j	620 <__libc_start_main@plt>

000000000000066a <deregister_tm_clones>:
 66a:	00003517          	auipc	a0,0x3
 66e:	99e50513          	addi	a0,a0,-1634 # 3008 <__TMC_END__>
 672:	00003797          	auipc	a5,0x3
 676:	99678793          	addi	a5,a5,-1642 # 3008 <__TMC_END__>
 67a:	00a78863          	beq	a5,a0,68a <deregister_tm_clones+0x20>
 67e:	00003797          	auipc	a5,0x3
 682:	9e27b783          	ld	a5,-1566(a5) # 3060 <_ITM_deregisterTMCloneTable>
 686:	c391                	beqz	a5,68a <deregister_tm_clones+0x20>
 688:	8782                	jr	a5
 68a:	8082                	ret

000000000000068c <register_tm_clones>:
 68c:	00003517          	auipc	a0,0x3
 690:	97c50513          	addi	a0,a0,-1668 # 3008 <__TMC_END__>
 694:	00003597          	auipc	a1,0x3
 698:	97458593          	addi	a1,a1,-1676 # 3008 <__TMC_END__>
 69c:	8d89                	sub	a1,a1,a0
 69e:	4035d793          	srai	a5,a1,0x3
 6a2:	91fd                	srli	a1,a1,0x3f
 6a4:	95be                	add	a1,a1,a5
 6a6:	8585                	srai	a1,a1,0x1
 6a8:	c599                	beqz	a1,6b6 <register_tm_clones+0x2a>
 6aa:	00003797          	auipc	a5,0x3
 6ae:	9ae7b783          	ld	a5,-1618(a5) # 3058 <_ITM_registerTMCloneTable>
 6b2:	c391                	beqz	a5,6b6 <register_tm_clones+0x2a>
 6b4:	8782                	jr	a5
 6b6:	8082                	ret

00000000000006b8 <__do_global_dtors_aux>:
 6b8:	1141                	addi	sp,sp,-16
 6ba:	e022                	sd	s0,0(sp)
 6bc:	00003417          	auipc	s0,0x3
 6c0:	9c440413          	addi	s0,s0,-1596 # 3080 <completed.1>
 6c4:	00044783          	lbu	a5,0(s0)
 6c8:	e406                	sd	ra,8(sp)
 6ca:	eb95                	bnez	a5,6fe <__do_global_dtors_aux+0x46>
 6cc:	00003797          	auipc	a5,0x3
 6d0:	9747b783          	ld	a5,-1676(a5) # 3040 <__cxa_finalize>
 6d4:	c791                	beqz	a5,6e0 <__do_global_dtors_aux+0x28>
 6d6:	00003517          	auipc	a0,0x3
 6da:	92a53503          	ld	a0,-1750(a0) # 3000 <__dso_handle>
 6de:	9782                	jalr	a5
 6e0:	f8bff0ef          	jal	ra,66a <deregister_tm_clones>
 6e4:	00003797          	auipc	a5,0x3
 6e8:	96c7b783          	ld	a5,-1684(a5) # 3050 <__deregister_frame_info>
 6ec:	c791                	beqz	a5,6f8 <__do_global_dtors_aux+0x40>
 6ee:	00001517          	auipc	a0,0x1
 6f2:	8e250513          	addi	a0,a0,-1822 # fd0 <__FRAME_END__>
 6f6:	9782                	jalr	a5
 6f8:	4785                	li	a5,1
 6fa:	00f40023          	sb	a5,0(s0)
 6fe:	60a2                	ld	ra,8(sp)
 700:	6402                	ld	s0,0(sp)
 702:	0141                	addi	sp,sp,16
 704:	8082                	ret

0000000000000706 <frame_dummy>:
 706:	00003797          	auipc	a5,0x3
 70a:	9727b783          	ld	a5,-1678(a5) # 3078 <__register_frame_info>
 70e:	cf99                	beqz	a5,72c <frame_dummy+0x26>
 710:	1141                	addi	sp,sp,-16
 712:	e406                	sd	ra,8(sp)
 714:	00003597          	auipc	a1,0x3
 718:	97458593          	addi	a1,a1,-1676 # 3088 <object.0>
 71c:	00001517          	auipc	a0,0x1
 720:	8b450513          	addi	a0,a0,-1868 # fd0 <__FRAME_END__>
 724:	9782                	jalr	a5
 726:	60a2                	ld	ra,8(sp)
 728:	0141                	addi	sp,sp,16
 72a:	b78d                	j	68c <register_tm_clones>
 72c:	b785                	j	68c <register_tm_clones>

000000000000072e <main>:
 72e:	711d                	addi	sp,sp,-96
 730:	ec86                	sd	ra,88(sp)
 732:	e8a2                	sd	s0,80(sp)
 734:	1080                	addi	s0,sp,96
 736:	00000517          	auipc	a0,0x0
 73a:	42250513          	addi	a0,a0,1058 # b58 <main+0x42a>
 73e:	ec3ff0ef          	jal	ra,600 <puts@plt>
 742:	4785                	li	a5,1
 744:	fef42623          	sw	a5,-20(s0)
 748:	fec42783          	lw	a5,-20(s0)
 74c:	85be                	mv	a1,a5
 74e:	00000517          	auipc	a0,0x0
 752:	41a50513          	addi	a0,a0,1050 # b68 <main+0x43a>
 756:	e9bff0ef          	jal	ra,5f0 <printf@plt>
 75a:	00001797          	auipc	a5,0x1
 75e:	85e78793          	addi	a5,a5,-1954 # fb8 <main+0x88a>
 762:	0007a787          	flw	fa5,0(a5)
 766:	fef42427          	fsw	fa5,-24(s0)
 76a:	fe842787          	flw	fa5,-24(s0)
 76e:	420787d3          	fcvt.d.s	fa5,fa5
 772:	e20785d3          	fmv.x.d	a1,fa5
 776:	00000517          	auipc	a0,0x0
 77a:	40250513          	addi	a0,a0,1026 # b78 <main+0x44a>
 77e:	e73ff0ef          	jal	ra,5f0 <printf@plt>
 782:	fec42783          	lw	a5,-20(s0)
 786:	853e                	mv	a0,a5
 788:	e89ff0ef          	jal	ra,610 <sleep@plt>
 78c:	77f5                	lui	a5,0xffffd
 78e:	fc778793          	addi	a5,a5,-57 # ffffffffffffcfc7 <__global_pointer$+0xffffffffffff97c7>
 792:	faf42623          	sw	a5,-84(s0)
 796:	67b5                	lui	a5,0xd
 798:	43178793          	addi	a5,a5,1073 # d431 <__global_pointer$+0x9c31>
 79c:	fef42223          	sw	a5,-28(s0)
 7a0:	00000517          	auipc	a0,0x0
 7a4:	3e850513          	addi	a0,a0,1000 # b88 <main+0x45a>
 7a8:	e59ff0ef          	jal	ra,600 <puts@plt>
 7ac:	fac42783          	lw	a5,-84(s0)
 7b0:	85be                	mv	a1,a5
 7b2:	00000517          	auipc	a0,0x0
 7b6:	3e650513          	addi	a0,a0,998 # b98 <main+0x46a>
 7ba:	e37ff0ef          	jal	ra,5f0 <printf@plt>
 7be:	fac42783          	lw	a5,-84(s0)
 7c2:	85be                	mv	a1,a5
 7c4:	00000517          	auipc	a0,0x0
 7c8:	3e450513          	addi	a0,a0,996 # ba8 <main+0x47a>
 7cc:	e25ff0ef          	jal	ra,5f0 <printf@plt>
 7d0:	fac42783          	lw	a5,-84(s0)
 7d4:	85be                	mv	a1,a5
 7d6:	00000517          	auipc	a0,0x0
 7da:	3ea50513          	addi	a0,a0,1002 # bc0 <main+0x492>
 7de:	e13ff0ef          	jal	ra,5f0 <printf@plt>
 7e2:	fac42783          	lw	a5,-84(s0)
 7e6:	85be                	mv	a1,a5
 7e8:	00000517          	auipc	a0,0x0
 7ec:	3f050513          	addi	a0,a0,1008 # bd8 <main+0x4aa>
 7f0:	e01ff0ef          	jal	ra,5f0 <printf@plt>
 7f4:	fac42783          	lw	a5,-84(s0)
 7f8:	85be                	mv	a1,a5
 7fa:	00000517          	auipc	a0,0x0
 7fe:	3f650513          	addi	a0,a0,1014 # bf0 <main+0x4c2>
 802:	defff0ef          	jal	ra,5f0 <printf@plt>
 806:	fac42783          	lw	a5,-84(s0)
 80a:	85be                	mv	a1,a5
 80c:	00000517          	auipc	a0,0x0
 810:	3fc50513          	addi	a0,a0,1020 # c08 <main+0x4da>
 814:	dddff0ef          	jal	ra,5f0 <printf@plt>
 818:	00000517          	auipc	a0,0x0
 81c:	40850513          	addi	a0,a0,1032 # c20 <main+0x4f2>
 820:	de1ff0ef          	jal	ra,600 <puts@plt>
 824:	fe442783          	lw	a5,-28(s0)
 828:	85be                	mv	a1,a5
 82a:	00000517          	auipc	a0,0x0
 82e:	41650513          	addi	a0,a0,1046 # c40 <main+0x512>
 832:	dbfff0ef          	jal	ra,5f0 <printf@plt>
 836:	fe442783          	lw	a5,-28(s0)
 83a:	85be                	mv	a1,a5
 83c:	00000517          	auipc	a0,0x0
 840:	41450513          	addi	a0,a0,1044 # c50 <main+0x522>
 844:	dadff0ef          	jal	ra,5f0 <printf@plt>
 848:	fe442783          	lw	a5,-28(s0)
 84c:	85be                	mv	a1,a5
 84e:	00000517          	auipc	a0,0x0
 852:	41250513          	addi	a0,a0,1042 # c60 <main+0x532>
 856:	d9bff0ef          	jal	ra,5f0 <printf@plt>
 85a:	fe442783          	lw	a5,-28(s0)
 85e:	85be                	mv	a1,a5
 860:	00000517          	auipc	a0,0x0
 864:	41050513          	addi	a0,a0,1040 # c70 <main+0x542>
 868:	d89ff0ef          	jal	ra,5f0 <printf@plt>
 86c:	fe442783          	lw	a5,-28(s0)
 870:	85be                	mv	a1,a5
 872:	00000517          	auipc	a0,0x0
 876:	40e50513          	addi	a0,a0,1038 # c80 <main+0x552>
 87a:	d77ff0ef          	jal	ra,5f0 <printf@plt>
 87e:	fe442783          	lw	a5,-28(s0)
 882:	85be                	mv	a1,a5
 884:	00000517          	auipc	a0,0x0
 888:	41450513          	addi	a0,a0,1044 # c98 <main+0x56a>
 88c:	d65ff0ef          	jal	ra,5f0 <printf@plt>
 890:	00000517          	auipc	a0,0x0
 894:	42050513          	addi	a0,a0,1056 # cb0 <main+0x582>
 898:	d69ff0ef          	jal	ra,600 <puts@plt>
 89c:	00000797          	auipc	a5,0x0
 8a0:	72078793          	addi	a5,a5,1824 # fbc <main+0x88e>
 8a4:	0007a787          	flw	fa5,0(a5)
 8a8:	fef42027          	fsw	fa5,-32(s0)
 8ac:	00000517          	auipc	a0,0x0
 8b0:	41450513          	addi	a0,a0,1044 # cc0 <main+0x592>
 8b4:	d4dff0ef          	jal	ra,600 <puts@plt>
 8b8:	fe042787          	flw	fa5,-32(s0)
 8bc:	420787d3          	fcvt.d.s	fa5,fa5
 8c0:	e20785d3          	fmv.x.d	a1,fa5
 8c4:	00000517          	auipc	a0,0x0
 8c8:	40c50513          	addi	a0,a0,1036 # cd0 <main+0x5a2>
 8cc:	d25ff0ef          	jal	ra,5f0 <printf@plt>
 8d0:	fe042787          	flw	fa5,-32(s0)
 8d4:	420787d3          	fcvt.d.s	fa5,fa5
 8d8:	e20785d3          	fmv.x.d	a1,fa5
 8dc:	00000517          	auipc	a0,0x0
 8e0:	40450513          	addi	a0,a0,1028 # ce0 <main+0x5b2>
 8e4:	d0dff0ef          	jal	ra,5f0 <printf@plt>
 8e8:	fe042787          	flw	fa5,-32(s0)
 8ec:	420787d3          	fcvt.d.s	fa5,fa5
 8f0:	e20785d3          	fmv.x.d	a1,fa5
 8f4:	00000517          	auipc	a0,0x0
 8f8:	40450513          	addi	a0,a0,1028 # cf8 <main+0x5ca>
 8fc:	cf5ff0ef          	jal	ra,5f0 <printf@plt>
 900:	fe042787          	flw	fa5,-32(s0)
 904:	420787d3          	fcvt.d.s	fa5,fa5
 908:	e20785d3          	fmv.x.d	a1,fa5
 90c:	00000517          	auipc	a0,0x0
 910:	3fc50513          	addi	a0,a0,1020 # d08 <main+0x5da>
 914:	cddff0ef          	jal	ra,5f0 <printf@plt>
 918:	fe042787          	flw	fa5,-32(s0)
 91c:	420787d3          	fcvt.d.s	fa5,fa5
 920:	e20785d3          	fmv.x.d	a1,fa5
 924:	00000517          	auipc	a0,0x0
 928:	3f450513          	addi	a0,a0,1012 # d18 <main+0x5ea>
 92c:	cc5ff0ef          	jal	ra,5f0 <printf@plt>
 930:	fe042787          	flw	fa5,-32(s0)
 934:	420787d3          	fcvt.d.s	fa5,fa5
 938:	e20785d3          	fmv.x.d	a1,fa5
 93c:	00000517          	auipc	a0,0x0
 940:	3ec50513          	addi	a0,a0,1004 # d28 <main+0x5fa>
 944:	cadff0ef          	jal	ra,5f0 <printf@plt>
 948:	fe042787          	flw	fa5,-32(s0)
 94c:	420787d3          	fcvt.d.s	fa5,fa5
 950:	e20785d3          	fmv.x.d	a1,fa5
 954:	00000517          	auipc	a0,0x0
 958:	3e450513          	addi	a0,a0,996 # d38 <main+0x60a>
 95c:	c95ff0ef          	jal	ra,5f0 <printf@plt>
 960:	00000517          	auipc	a0,0x0
 964:	3e850513          	addi	a0,a0,1000 # d48 <main+0x61a>
 968:	c99ff0ef          	jal	ra,600 <puts@plt>
 96c:	00000797          	auipc	a5,0x0
 970:	65478793          	addi	a5,a5,1620 # fc0 <main+0x892>
 974:	239c                	fld	fa5,0(a5)
 976:	f2000753          	fmv.d.x	fa4,zero
 97a:	1ae7f7d3          	fdiv.d	fa5,fa5,fa4
 97e:	e20785d3          	fmv.x.d	a1,fa5
 982:	00000517          	auipc	a0,0x0
 986:	3e650513          	addi	a0,a0,998 # d68 <main+0x63a>
 98a:	c67ff0ef          	jal	ra,5f0 <printf@plt>
 98e:	00000797          	auipc	a5,0x0
 992:	63a78793          	addi	a5,a5,1594 # fc8 <main+0x89a>
 996:	239c                	fld	fa5,0(a5)
 998:	f2000753          	fmv.d.x	fa4,zero
 99c:	1ae7f7d3          	fdiv.d	fa5,fa5,fa4
 9a0:	e20785d3          	fmv.x.d	a1,fa5
 9a4:	00000517          	auipc	a0,0x0
 9a8:	3dc50513          	addi	a0,a0,988 # d80 <main+0x652>
 9ac:	c45ff0ef          	jal	ra,5f0 <printf@plt>
 9b0:	f20007d3          	fmv.d.x	fa5,zero
 9b4:	1af7f7d3          	fdiv.d	fa5,fa5,fa5
 9b8:	e20785d3          	fmv.x.d	a1,fa5
 9bc:	00000517          	auipc	a0,0x0
 9c0:	3dc50513          	addi	a0,a0,988 # d98 <main+0x66a>
 9c4:	c2dff0ef          	jal	ra,5f0 <printf@plt>
 9c8:	05800793          	li	a5,88
 9cc:	fcf40fa3          	sb	a5,-33(s0)
 9d0:	00000797          	auipc	a5,0x0
 9d4:	3e078793          	addi	a5,a5,992 # db0 <main+0x682>
 9d8:	fcf43823          	sd	a5,-48(s0)
 9dc:	00000517          	auipc	a0,0x0
 9e0:	3e450513          	addi	a0,a0,996 # dc0 <main+0x692>
 9e4:	c1dff0ef          	jal	ra,600 <puts@plt>
 9e8:	fdf44783          	lbu	a5,-33(s0)
 9ec:	2781                	sext.w	a5,a5
 9ee:	85be                	mv	a1,a5
 9f0:	00000517          	auipc	a0,0x0
 9f4:	3f050513          	addi	a0,a0,1008 # de0 <main+0x6b2>
 9f8:	bf9ff0ef          	jal	ra,5f0 <printf@plt>
 9fc:	fdf44783          	lbu	a5,-33(s0)
 a00:	2781                	sext.w	a5,a5
 a02:	85be                	mv	a1,a5
 a04:	00000517          	auipc	a0,0x0
 a08:	3ec50513          	addi	a0,a0,1004 # df0 <main+0x6c2>
 a0c:	be5ff0ef          	jal	ra,5f0 <printf@plt>
 a10:	fdf44783          	lbu	a5,-33(s0)
 a14:	2781                	sext.w	a5,a5
 a16:	85be                	mv	a1,a5
 a18:	00000517          	auipc	a0,0x0
 a1c:	3f050513          	addi	a0,a0,1008 # e08 <main+0x6da>
 a20:	bd1ff0ef          	jal	ra,5f0 <printf@plt>
 a24:	fd043583          	ld	a1,-48(s0)
 a28:	00000517          	auipc	a0,0x0
 a2c:	3f850513          	addi	a0,a0,1016 # e20 <main+0x6f2>
 a30:	bc1ff0ef          	jal	ra,5f0 <printf@plt>
 a34:	fd043583          	ld	a1,-48(s0)
 a38:	00000517          	auipc	a0,0x0
 a3c:	3f850513          	addi	a0,a0,1016 # e30 <main+0x702>
 a40:	bb1ff0ef          	jal	ra,5f0 <printf@plt>
 a44:	fd043583          	ld	a1,-48(s0)
 a48:	00000517          	auipc	a0,0x0
 a4c:	40050513          	addi	a0,a0,1024 # e48 <main+0x71a>
 a50:	ba1ff0ef          	jal	ra,5f0 <printf@plt>
 a54:	fd043583          	ld	a1,-48(s0)
 a58:	00000517          	auipc	a0,0x0
 a5c:	40850513          	addi	a0,a0,1032 # e60 <main+0x732>
 a60:	b91ff0ef          	jal	ra,5f0 <printf@plt>
 a64:	fac40793          	addi	a5,s0,-84
 a68:	fcf43423          	sd	a5,-56(s0)
 a6c:	57fd                	li	a5,-1
 a6e:	8385                	srli	a5,a5,0x1
 a70:	fcf43023          	sd	a5,-64(s0)
 a74:	57fd                	li	a5,-1
 a76:	8385                	srli	a5,a5,0x1
 a78:	faf43c23          	sd	a5,-72(s0)
 a7c:	57fd                	li	a5,-1
 a7e:	faf43823          	sd	a5,-80(s0)
 a82:	00000517          	auipc	a0,0x0
 a86:	3f650513          	addi	a0,a0,1014 # e78 <main+0x74a>
 a8a:	b77ff0ef          	jal	ra,600 <puts@plt>
 a8e:	fc843583          	ld	a1,-56(s0)
 a92:	00000517          	auipc	a0,0x0
 a96:	40650513          	addi	a0,a0,1030 # e98 <main+0x76a>
 a9a:	b57ff0ef          	jal	ra,5f0 <printf@plt>
 a9e:	fc043583          	ld	a1,-64(s0)
 aa2:	00000517          	auipc	a0,0x0
 aa6:	40e50513          	addi	a0,a0,1038 # eb0 <main+0x782>
 aaa:	b47ff0ef          	jal	ra,5f0 <printf@plt>
 aae:	fb843583          	ld	a1,-72(s0)
 ab2:	00000517          	auipc	a0,0x0
 ab6:	41650513          	addi	a0,a0,1046 # ec8 <main+0x79a>
 aba:	b37ff0ef          	jal	ra,5f0 <printf@plt>
 abe:	00000517          	auipc	a0,0x0
 ac2:	42250513          	addi	a0,a0,1058 # ee0 <main+0x7b2>
 ac6:	b3bff0ef          	jal	ra,600 <puts@plt>
 aca:	00000597          	auipc	a1,0x0
 ace:	42658593          	addi	a1,a1,1062 # ef0 <main+0x7c2>
 ad2:	00000517          	auipc	a0,0x0
 ad6:	42650513          	addi	a0,a0,1062 # ef8 <main+0x7ca>
 ada:	b17ff0ef          	jal	ra,5f0 <printf@plt>
 ade:	4581                	li	a1,0
 ae0:	00000517          	auipc	a0,0x0
 ae4:	43050513          	addi	a0,a0,1072 # f10 <main+0x7e2>
 ae8:	b09ff0ef          	jal	ra,5f0 <printf@plt>
 aec:	800005b7          	lui	a1,0x80000
 af0:	00000517          	auipc	a0,0x0
 af4:	43050513          	addi	a0,a0,1072 # f20 <main+0x7f2>
 af8:	af9ff0ef          	jal	ra,5f0 <printf@plt>
 afc:	800007b7          	lui	a5,0x80000
 b00:	fff7c593          	not	a1,a5
 b04:	00000517          	auipc	a0,0x0
 b08:	43450513          	addi	a0,a0,1076 # f38 <main+0x80a>
 b0c:	ae5ff0ef          	jal	ra,5f0 <printf@plt>
 b10:	00000517          	auipc	a0,0x0
 b14:	44050513          	addi	a0,a0,1088 # f50 <main+0x822>
 b18:	ae9ff0ef          	jal	ra,600 <puts@plt>
 b1c:	00000517          	auipc	a0,0x0
 b20:	45450513          	addi	a0,a0,1108 # f70 <main+0x842>
 b24:	acdff0ef          	jal	ra,5f0 <printf@plt>
 b28:	00000517          	auipc	a0,0x0
 b2c:	46050513          	addi	a0,a0,1120 # f88 <main+0x85a>
 b30:	ac1ff0ef          	jal	ra,5f0 <printf@plt>
 b34:	00000517          	auipc	a0,0x0
 b38:	46450513          	addi	a0,a0,1124 # f98 <main+0x86a>
 b3c:	ab5ff0ef          	jal	ra,5f0 <printf@plt>
 b40:	00000517          	auipc	a0,0x0
 b44:	46850513          	addi	a0,a0,1128 # fa8 <main+0x87a>
 b48:	ab9ff0ef          	jal	ra,600 <puts@plt>
 b4c:	4781                	li	a5,0
 b4e:	853e                	mv	a0,a5
 b50:	60e6                	ld	ra,88(sp)
 b52:	6446                	ld	s0,80(sp)
 b54:	6125                	addi	sp,sp,96
 b56:	8082                	ret
