---
source: xtask/src/main.rs
description: riscv64-linux-musl-gcc (GCC) 11.2.1 20211120
expression: from_utf8(&output.stdout).unwrap()
---
ELF Header:
  Magic:   7f 45 4c 46 02 01 01 00 00 00 00 00 00 00 00 00 
  Class:                             ELF64
  Data:                              2's complement, little endian
  Version:                           1 (current)
  OS/ABI:                            UNIX - System V
  ABI Version:                       0
  Type:                              DYN (Position-Independent Executable file)
  Machine:                           RISC-V
  Version:                           0x1
  Entry point address:               0x5e0
  Start of program headers:          64 (bytes into file)
  Start of section headers:          6352 (bytes into file)
  Flags:                             0x5, RVC, double-float ABI
  Size of this header:               64 (bytes)
  Size of program headers:           56 (bytes)
  Number of program headers:         7
  Size of section headers:           64 (bytes)
  Number of section headers:         22
  Section header string table index: 21

Section Headers:
  [Nr] Name              Type             Address           Offset
       Size              EntSize          Flags  Link  Info  Align
  [ 0]                   NULL             0000000000000000  00000000
       0000000000000000  0000000000000000           0     0     0
  [ 1] .interp           PROGBITS         00000000000001c8  000001c8
       000000000000001a  0000000000000000   A       0     0     1
  [ 2] .hash             HASH             00000000000001e8  000001e8
       0000000000000048  0000000000000004   A       4     0     8
  [ 3] .gnu.hash         GNU_HASH         0000000000000230  00000230
       0000000000000024  0000000000000000   A       4     0     8
  [ 4] .dynsym           DYNSYM           0000000000000258  00000258
       0000000000000138  0000000000000018   A       5     2     8
  [ 5] .dynstr           STRTAB           0000000000000390  00000390
       00000000000000a6  0000000000000000   A       0     0     1
  [ 6] .rela.dyn         RELA             0000000000000438  00000438
       0000000000000108  0000000000000018   A       4     0     8
  [ 7] .rela.plt         RELA             0000000000000540  00000540
       0000000000000048  0000000000000018  AI       4    16     8
  [ 8] .plt              PROGBITS         0000000000000590  00000590
       0000000000000050  0000000000000010  AX       0     0     16
  [ 9] .text             PROGBITS         00000000000005e0  000005e0
       00000000000001f6  0000000000000000  AX       0     0     2
  [10] .rodata           PROGBITS         00000000000007d8  000007d8
       00000000000000e7  0000000000000000   A       0     0     8
  [11] .eh_frame         PROGBITS         00000000000008c0  000008c0
       0000000000000004  0000000000000000   A       0     0     4
  [12] .init_array       INIT_ARRAY       0000000000001e30  00000e30
       0000000000000008  0000000000000008  WA       0     0     8
  [13] .fini_array       FINI_ARRAY       0000000000001e38  00000e38
       0000000000000008  0000000000000008  WA       0     0     8
  [14] .dynamic          DYNAMIC          0000000000001e40  00000e40
       00000000000001c0  0000000000000010  WA       5     0     8
  [15] .data             PROGBITS         0000000000002000  00001000
       0000000000000008  0000000000000000  WA       0     0     8
  [16] .got              PROGBITS         0000000000002008  00001008
       0000000000000070  0000000000000008  WA       0     0     8
  [17] .bss              NOBITS           0000000000002078  00001078
       0000000000000038  0000000000000000  WA       0     0     8
  [18] .comment          PROGBITS         0000000000000000  00001078
       000000000000001b  0000000000000001  MS       0     0     1
  [19] .symtab           SYMTAB           0000000000000000  00001098
       0000000000000588  0000000000000018          20    37     8
  [20] .strtab           STRTAB           0000000000000000  00001620
       0000000000000208  0000000000000000           0     0     1
  [21] .shstrtab         STRTAB           0000000000000000  00001828
       00000000000000a3  0000000000000000           0     0     1
Key to Flags:
  W (write), A (alloc), X (execute), M (merge), S (strings), I (info),
  L (link order), O (extra OS processing required), G (group), T (TLS),
  C (compressed), x (unknown), o (OS specific), E (exclude),
  D (mbind), p (processor specific)

There are no section groups in this file.

Program Headers:
  Type           Offset             VirtAddr           PhysAddr
                 FileSiz            MemSiz              Flags  Align
  PHDR           0x0000000000000040 0x0000000000000040 0x0000000000000040
                 0x0000000000000188 0x0000000000000188  R      0x8
  INTERP         0x00000000000001c8 0x00000000000001c8 0x00000000000001c8
                 0x000000000000001a 0x000000000000001a  R      0x1
      [Requesting program interpreter: /lib/ld-musl-riscv64.so.1]
  LOAD           0x0000000000000000 0x0000000000000000 0x0000000000000000
                 0x00000000000008c4 0x00000000000008c4  R E    0x1000
  LOAD           0x0000000000000e30 0x0000000000001e30 0x0000000000001e30
                 0x0000000000000248 0x0000000000000280  RW     0x1000
  DYNAMIC        0x0000000000000e40 0x0000000000001e40 0x0000000000001e40
                 0x00000000000001c0 0x00000000000001c0  RW     0x8
  GNU_STACK      0x0000000000000000 0x0000000000000000 0x0000000000000000
                 0x0000000000000000 0x0000000000000000  RW     0x10
  GNU_RELRO      0x0000000000000e30 0x0000000000001e30 0x0000000000001e30
                 0x00000000000001d0 0x00000000000001d0  R      0x1

 Section to Segment mapping:
  Segment Sections...
   00     
   01     .interp 
   02     .interp .hash .gnu.hash .dynsym .dynstr .rela.dyn .rela.plt .plt .text .rodata .eh_frame 
   03     .init_array .fini_array .dynamic .data .got .bss 
   04     .dynamic 
   05     
   06     .init_array .fini_array .dynamic 

Dynamic section at offset 0xe40 contains 24 entries:
  Tag        Type                         Name/Value
 0x0000000000000001 (NEEDED)             Shared library: [libc.so]
 0x000000000000000c (INIT)               0x0
 0x000000000000000d (FINI)               0x0
 0x0000000000000019 (INIT_ARRAY)         0x1e30
 0x000000000000001b (INIT_ARRAYSZ)       8 (bytes)
 0x000000000000001a (FINI_ARRAY)         0x1e38
 0x000000000000001c (FINI_ARRAYSZ)       8 (bytes)
 0x0000000000000004 (HASH)               0x1e8
 0x000000006ffffef5 (GNU_HASH)           0x230
 0x0000000000000005 (STRTAB)             0x390
 0x0000000000000006 (SYMTAB)             0x258
 0x000000000000000a (STRSZ)              166 (bytes)
 0x000000000000000b (SYMENT)             24 (bytes)
 0x0000000000000015 (DEBUG)              0x0
 0x0000000000000003 (PLTGOT)             0x2008
 0x0000000000000002 (PLTRELSZ)           72 (bytes)
 0x0000000000000014 (PLTREL)             RELA
 0x0000000000000017 (JMPREL)             0x540
 0x0000000000000007 (RELA)               0x438
 0x0000000000000008 (RELASZ)             336 (bytes)
 0x0000000000000009 (RELAENT)            24 (bytes)
 0x000000006ffffffb (FLAGS_1)            Flags: PIE
 0x000000006ffffff9 (RELACOUNT)          4
 0x0000000000000000 (NULL)               0x0

Relocation section '.rela.dyn' at offset 0x438 contains 11 entries:
  Offset          Info           Type           Sym. Value    Sym. Name + Addend
000000001e30  000000000003 R_RISCV_RELATIVE                     6b6
000000001e38  000000000003 R_RISCV_RELATIVE                     668
000000002000  000000000003 R_RISCV_RELATIVE                     2000
000000002060  000000000003 R_RISCV_RELATIVE                     6de
000000002038  000300000002 R_RISCV_64        0000000000000000 __cxa_finalize + 0
000000002040  000400000002 R_RISCV_64        0000000000000000 _init + 0
000000002048  000500000002 R_RISCV_64        0000000000000000 __deregister_fram[...] + 0
000000002050  000600000002 R_RISCV_64        0000000000000000 _ITM_registerTMCl[...] + 0
000000002058  000800000002 R_RISCV_64        0000000000000000 _ITM_deregisterTM[...] + 0
000000002068  000900000002 R_RISCV_64        0000000000000000 _fini + 0
000000002070  000b00000002 R_RISCV_64        0000000000000000 __register_frame_info + 0

Relocation section '.rela.plt' at offset 0x540 contains 3 entries:
  Offset          Info           Type           Sym. Value    Sym. Name + Addend
000000002018  000200000005 R_RISCV_JUMP_SLOT 0000000000000000 printf + 0
000000002020  000700000005 R_RISCV_JUMP_SLOT 0000000000000000 fork + 0
000000002028  000a00000005 R_RISCV_JUMP_SLOT 0000000000000000 __libc_start_main + 0

The decoding of unwind sections for machine type RISC-V is not currently supported.

Symbol table '.dynsym' contains 13 entries:
   Num:    Value          Size Type    Bind   Vis      Ndx Name
     0: 0000000000000000     0 NOTYPE  LOCAL  DEFAULT  UND 
     1: 00000000000005e0     0 SECTION LOCAL  DEFAULT    9 .text
     2: 0000000000000000     0 FUNC    GLOBAL DEFAULT  UND printf
     3: 0000000000000000     0 FUNC    WEAK   DEFAULT  UND __cxa_finalize
     4: 0000000000000000     0 FUNC    WEAK   DEFAULT  UND _init
     5: 0000000000000000     0 NOTYPE  WEAK   DEFAULT  UND __deregister_fra[...]
     6: 0000000000000000     0 NOTYPE  WEAK   DEFAULT  UND _ITM_registerTMC[...]
     7: 0000000000000000     0 FUNC    GLOBAL DEFAULT  UND fork
     8: 0000000000000000     0 NOTYPE  WEAK   DEFAULT  UND _ITM_deregisterT[...]
     9: 0000000000000000     0 FUNC    WEAK   DEFAULT  UND _fini
    10: 0000000000000000     0 FUNC    GLOBAL DEFAULT  UND __libc_start_main
    11: 0000000000000000     0 NOTYPE  WEAK   DEFAULT  UND __register_frame_info
    12: 00000000000006de   248 FUNC    GLOBAL DEFAULT    9 main

Symbol table '.symtab' contains 59 entries:
   Num:    Value          Size Type    Bind   Vis      Ndx Name
     0: 0000000000000000     0 NOTYPE  LOCAL  DEFAULT  UND 
     1: 00000000000001c8     0 SECTION LOCAL  DEFAULT    1 .interp
     2: 00000000000001e8     0 SECTION LOCAL  DEFAULT    2 .hash
     3: 0000000000000230     0 SECTION LOCAL  DEFAULT    3 .gnu.hash
     4: 0000000000000258     0 SECTION LOCAL  DEFAULT    4 .dynsym
     5: 0000000000000390     0 SECTION LOCAL  DEFAULT    5 .dynstr
     6: 0000000000000438     0 SECTION LOCAL  DEFAULT    6 .rela.dyn
     7: 0000000000000540     0 SECTION LOCAL  DEFAULT    7 .rela.plt
     8: 0000000000000590     0 SECTION LOCAL  DEFAULT    8 .plt
     9: 00000000000005e0     0 SECTION LOCAL  DEFAULT    9 .text
    10: 00000000000007d8     0 SECTION LOCAL  DEFAULT   10 .rodata
    11: 00000000000008c0     0 SECTION LOCAL  DEFAULT   11 .eh_frame
    12: 0000000000001e30     0 SECTION LOCAL  DEFAULT   12 .init_array
    13: 0000000000001e38     0 SECTION LOCAL  DEFAULT   13 .fini_array
    14: 0000000000001e40     0 SECTION LOCAL  DEFAULT   14 .dynamic
    15: 0000000000002000     0 SECTION LOCAL  DEFAULT   15 .data
    16: 0000000000002008     0 SECTION LOCAL  DEFAULT   16 .got
    17: 0000000000002078     0 SECTION LOCAL  DEFAULT   17 .bss
    18: 0000000000000000     0 SECTION LOCAL  DEFAULT   18 .comment
    19: 0000000000000000     0 FILE    LOCAL  DEFAULT  ABS Scrt1.c
    20: 0000000000000000     0 FILE    LOCAL  DEFAULT  ABS crtstuff.c
    21: 00000000000008c0     0 OBJECT  LOCAL  DEFAULT   11 
    22: 000000000000061a     0 FUNC    LOCAL  DEFAULT    9 deregister_tm_clones
    23: 000000000000063c     0 FUNC    LOCAL  DEFAULT    9 register_tm_clones
    24: 0000000000000668     0 FUNC    LOCAL  DEFAULT    9 __do_global_dtors_aux
    25: 0000000000002078     1 OBJECT  LOCAL  DEFAULT   17 completed.1
    26: 0000000000001e38     0 OBJECT  LOCAL  DEFAULT   13 __do_global_dtor[...]
    27: 00000000000006b6     0 FUNC    LOCAL  DEFAULT    9 frame_dummy
    28: 0000000000002080    48 OBJECT  LOCAL  DEFAULT   17 object.0
    29: 0000000000001e30     0 OBJECT  LOCAL  DEFAULT   12 __frame_dummy_in[...]
    30: 0000000000000000     0 FILE    LOCAL  DEFAULT  ABS fork.c
    31: 0000000000000000     0 FILE    LOCAL  DEFAULT  ABS crtstuff.c
    32: 00000000000008c0     0 OBJECT  LOCAL  DEFAULT   11 __FRAME_END__
    33: 0000000000000000     0 FILE    LOCAL  DEFAULT  ABS 
    34: 0000000000001e40     0 OBJECT  LOCAL  DEFAULT  ABS _DYNAMIC
    35: 0000000000000590     0 OBJECT  LOCAL  DEFAULT  ABS _PROCEDURE_LINKA[...]
    36: 0000000000002030     0 OBJECT  LOCAL  DEFAULT  ABS _GLOBAL_OFFSET_TABLE_
    37: 0000000000000000     0 FUNC    GLOBAL DEFAULT  UND printf
    38: 0000000000002800     0 NOTYPE  GLOBAL HIDDEN   ABS __global_pointer$
    39: 0000000000002078     0 NOTYPE  GLOBAL DEFAULT   16 __SDATA_BEGIN__
    40: 0000000000002008     0 OBJECT  GLOBAL HIDDEN    16 __TMC_END__
    41: 0000000000000000     0 FUNC    WEAK   DEFAULT  UND __cxa_finalize
    42: 0000000000002000     0 OBJECT  GLOBAL HIDDEN    15 __dso_handle
    43: 0000000000000000     0 FUNC    WEAK   DEFAULT  UND _init
    44: 0000000000000000     0 NOTYPE  WEAK   DEFAULT  UND __deregister_fra[...]
    45: 0000000000000000     0 NOTYPE  WEAK   DEFAULT  UND _ITM_registerTMC[...]
    46: 00000000000005e0     0 FUNC    GLOBAL DEFAULT    9 _start
    47: 00000000000005f8    34 FUNC    GLOBAL DEFAULT    9 _start_c
    48: 0000000000000000     0 FUNC    GLOBAL DEFAULT  UND fork
    49: 00000000000020b0     0 NOTYPE  GLOBAL DEFAULT   17 __BSS_END__
    50: 0000000000000000     0 NOTYPE  WEAK   DEFAULT  UND _ITM_deregisterT[...]
    51: 0000000000002078     0 NOTYPE  GLOBAL DEFAULT   17 __bss_start
    52: 00000000000006de   248 FUNC    GLOBAL DEFAULT    9 main
    53: 0000000000000000     0 FUNC    WEAK   DEFAULT  UND _fini
    54: 0000000000002000     0 NOTYPE  GLOBAL DEFAULT   15 __DATA_BEGIN__
    55: 0000000000002078     0 NOTYPE  GLOBAL DEFAULT   16 _edata
    56: 00000000000020b0     0 NOTYPE  GLOBAL DEFAULT   17 _end
    57: 0000000000000000     0 FUNC    GLOBAL DEFAULT  UND __libc_start_main
    58: 0000000000000000     0 NOTYPE  WEAK   DEFAULT  UND __register_frame_info

Histogram for bucket list length (total of 3 buckets):
 Length  Number     % of total  Coverage
      0  0          (  0.0%)
      1  1          ( 33.3%)      9.1%
      2  0          (  0.0%)      9.1%
      3  1          ( 33.3%)     36.4%
      4  0          (  0.0%)     36.4%
      5  0          (  0.0%)     36.4%
      6  0          (  0.0%)     36.4%
      7  1          ( 33.3%)    100.0%

Histogram for `.gnu.hash' bucket list length (total of 2 buckets):
 Length  Number     % of total  Coverage
      0  1          ( 50.0%)
      1  1          ( 50.0%)    100.0%

No version information found in this file.
