---
source: xtask/src/main.rs
description: riscv64-linux-musl-gcc (GCC) 11.2.1 20211120
expression: from_utf8(&output.stdout).unwrap()
---
ELF Header:
  Magic:   7f 45 4c 46 02 01 01 00 00 00 00 00 00 00 00 00 
  Class:                             ELF64
  Data:                              2's complement, little endian
  Version:                           1 (current)
  OS/ABI:                            UNIX - System V
  ABI Version:                       0
  Type:                              DYN (Position-Independent Executable file)
  Machine:                           RISC-V
  Version:                           0x1
  Entry point address:               0x370
  Start of program headers:          64 (bytes into file)
  Start of section headers:          5112 (bytes into file)
  Flags:                             0x5, RVC, double-float ABI
  Size of this header:               64 (bytes)
  Size of program headers:           56 (bytes)
  Number of program headers:         7
  Size of section headers:           64 (bytes)
  Number of section headers:         15
  Section header string table index: 14

Section Headers:
  [Nr] Name              Type             Address           Offset
       Size              EntSize          Flags  Link  Info  Align
  [ 0]                   NULL             0000000000000000  00000000
       0000000000000000  0000000000000000           0     0     0
  [ 1] .interp           PROGBITS         00000000000001c8  000001c8
       000000000000001a  0000000000000000   A       0     0     1
  [ 2] .hash             HASH             00000000000001e8  000001e8
       000000000000002c  0000000000000004   A       4     0     8
  [ 3] .gnu.hash         GNU_HASH         0000000000000218  00000218
       0000000000000024  0000000000000000   A       4     0     8
  [ 4] .dynsym           DYNSYM           0000000000000240  00000240
       0000000000000090  0000000000000018   A       5     2     8
  [ 5] .dynstr           STRTAB           00000000000002d0  000002d0
       0000000000000029  0000000000000000   A       0     0     1
  [ 6] .rela.plt         RELA             0000000000000300  00000300
       0000000000000030  0000000000000018  AI       4    10     8
  [ 7] .plt              PROGBITS         0000000000000330  00000330
       0000000000000040  0000000000000010  AX       0     0     16
  [ 8] .text             PROGBITS         0000000000000370  00000370
       000000000000005e  0000000000000000  AX       0     0     2
  [ 9] .dynamic          DYNAMIC          0000000000001ea0  00000ea0
       0000000000000160  0000000000000010  WA       5     0     8
  [10] .got              PROGBITS         0000000000002000  00001000
       0000000000000028  0000000000000008  WA       0     0     8
  [11] .comment          PROGBITS         0000000000000000  00001028
       000000000000001b  0000000000000001  MS       0     0     1
  [12] .symtab           SYMTAB           0000000000000000  00001048
       00000000000002a0  0000000000000018          13    17     8
  [13] .strtab           STRTAB           0000000000000000  000012e8
       00000000000000a9  0000000000000000           0     0     1
  [14] .shstrtab         STRTAB           0000000000000000  00001391
       0000000000000064  0000000000000000           0     0     1
Key to Flags:
  W (write), A (alloc), X (execute), M (merge), S (strings), I (info),
  L (link order), O (extra OS processing required), G (group), T (TLS),
  C (compressed), x (unknown), o (OS specific), E (exclude),
  D (mbind), p (processor specific)

There are no section groups in this file.

Program Headers:
  Type           Offset             VirtAddr           PhysAddr
                 FileSiz            MemSiz              Flags  Align
  PHDR           0x0000000000000040 0x0000000000000040 0x0000000000000040
                 0x0000000000000188 0x0000000000000188  R      0x8
  INTERP         0x00000000000001c8 0x00000000000001c8 0x00000000000001c8
                 0x000000000000001a 0x000000000000001a  R      0x1
      [Requesting program interpreter: /lib/ld-musl-riscv64.so.1]
  LOAD           0x0000000000000000 0x0000000000000000 0x0000000000000000
                 0x00000000000003ce 0x00000000000003ce  R E    0x1000
  LOAD           0x0000000000000ea0 0x0000000000001ea0 0x0000000000001ea0
                 0x0000000000000188 0x0000000000000188  RW     0x1000
  DYNAMIC        0x0000000000000ea0 0x0000000000001ea0 0x0000000000001ea0
                 0x0000000000000160 0x0000000000000160  RW     0x8
  GNU_STACK      0x0000000000000000 0x0000000000000000 0x0000000000000000
                 0x0000000000000000 0x0000000000000000  RW     0x10
  GNU_RELRO      0x0000000000000ea0 0x0000000000001ea0 0x0000000000001ea0
                 0x0000000000000160 0x0000000000000160  R      0x1

 Section to Segment mapping:
  Segment Sections...
   00     
   01     .interp 
   02     .interp .hash .gnu.hash .dynsym .dynstr .rela.plt .plt .text 
   03     .dynamic .got 
   04     .dynamic 
   05     
   06     .dynamic 

Dynamic section at offset 0xea0 contains 17 entries:
  Tag        Type                         Name/Value
 0x0000000000000001 (NEEDED)             Shared library: [libmocklibc.so]
 0x0000000000000004 (HASH)               0x1e8
 0x000000006ffffef5 (GNU_HASH)           0x218
 0x0000000000000005 (STRTAB)             0x2d0
 0x0000000000000006 (SYMTAB)             0x240
 0x000000000000000a (STRSZ)              41 (bytes)
 0x000000000000000b (SYMENT)             24 (bytes)
 0x0000000000000015 (DEBUG)              0x0
 0x0000000000000003 (PLTGOT)             0x2000
 0x0000000000000002 (PLTRELSZ)           48 (bytes)
 0x0000000000000014 (PLTREL)             RELA
 0x0000000000000017 (JMPREL)             0x300
 0x0000000000000007 (RELA)               0x300
 0x0000000000000008 (RELASZ)             48 (bytes)
 0x0000000000000009 (RELAENT)            24 (bytes)
 0x000000006ffffffb (FLAGS_1)            Flags: PIE
 0x0000000000000000 (NULL)               0x0

Relocation section '.rela.plt' at offset 0x300 contains 2 entries:
  Offset          Info           Type           Sym. Value    Sym. Name + Addend
000000002010  000200000005 R_RISCV_JUMP_SLOT 0000000000000000 putchar + 0
000000002018  000400000005 R_RISCV_JUMP_SLOT 0000000000000000 exit + 0

The decoding of unwind sections for machine type RISC-V is not currently supported.

Symbol table '.dynsym' contains 6 entries:
   Num:    Value          Size Type    Bind   Vis      Ndx Name
     0: 0000000000000000     0 NOTYPE  LOCAL  DEFAULT  UND 
     1: 0000000000000370     0 SECTION LOCAL  DEFAULT    8 .text
     2: 0000000000000000     0 FUNC    GLOBAL DEFAULT  UND putchar
     3: 0000000000000000     0 FUNC    GLOBAL DEFAULT  UND _start
     4: 0000000000000000     0 FUNC    GLOBAL DEFAULT  UND exit
     5: 0000000000000370    94 FUNC    GLOBAL DEFAULT    8 main

Symbol table '.symtab' contains 28 entries:
   Num:    Value          Size Type    Bind   Vis      Ndx Name
     0: 0000000000000000     0 NOTYPE  LOCAL  DEFAULT  UND 
     1: 00000000000001c8     0 SECTION LOCAL  DEFAULT    1 .interp
     2: 00000000000001e8     0 SECTION LOCAL  DEFAULT    2 .hash
     3: 0000000000000218     0 SECTION LOCAL  DEFAULT    3 .gnu.hash
     4: 0000000000000240     0 SECTION LOCAL  DEFAULT    4 .dynsym
     5: 00000000000002d0     0 SECTION LOCAL  DEFAULT    5 .dynstr
     6: 0000000000000300     0 SECTION LOCAL  DEFAULT    6 .rela.plt
     7: 0000000000000330     0 SECTION LOCAL  DEFAULT    7 .plt
     8: 0000000000000370     0 SECTION LOCAL  DEFAULT    8 .text
     9: 0000000000001ea0     0 SECTION LOCAL  DEFAULT    9 .dynamic
    10: 0000000000002000     0 SECTION LOCAL  DEFAULT   10 .got
    11: 0000000000000000     0 SECTION LOCAL  DEFAULT   11 .comment
    12: 0000000000000000     0 FILE    LOCAL  DEFAULT  ABS hello.c
    13: 0000000000000000     0 FILE    LOCAL  DEFAULT  ABS 
    14: 0000000000001ea0     0 OBJECT  LOCAL  DEFAULT  ABS _DYNAMIC
    15: 0000000000000330     0 OBJECT  LOCAL  DEFAULT  ABS _PROCEDURE_LINKA[...]
    16: 0000000000002020     0 OBJECT  LOCAL  DEFAULT  ABS _GLOBAL_OFFSET_TABLE_
    17: 0000000000000000     0 FUNC    GLOBAL DEFAULT  UND putchar
    18: 0000000000002800     0 NOTYPE  GLOBAL DEFAULT  ABS __global_pointer$
    19: 0000000000002028     0 NOTYPE  GLOBAL DEFAULT   10 __SDATA_BEGIN__
    20: 0000000000000000     0 FUNC    GLOBAL DEFAULT  UND _start
    21: 0000000000002028     0 NOTYPE  GLOBAL DEFAULT   10 __BSS_END__
    22: 0000000000002028     0 NOTYPE  GLOBAL DEFAULT   10 __bss_start
    23: 0000000000000370    94 FUNC    GLOBAL DEFAULT    8 main
    24: 0000000000002000     0 NOTYPE  GLOBAL DEFAULT   10 __DATA_BEGIN__
    25: 0000000000002028     0 NOTYPE  GLOBAL DEFAULT   10 _edata
    26: 0000000000002028     0 NOTYPE  GLOBAL DEFAULT   10 _end
    27: 0000000000000000     0 FUNC    GLOBAL DEFAULT  UND exit

Histogram for bucket list length (total of 3 buckets):
 Length  Number     % of total  Coverage
      0  0          (  0.0%)
      1  2          ( 66.7%)     50.0%
      2  1          ( 33.3%)    100.0%

Histogram for `.gnu.hash' bucket list length (total of 2 buckets):
 Length  Number     % of total  Coverage
      0  1          ( 50.0%)
      1  1          ( 50.0%)    100.0%

No version information found in this file.
