---
source: xtask/src/main.rs
expression: from_utf8(&output.stdout).unwrap()
---
hello:     file format elf64-littleriscv


Disassembly of section .text:

ffffffc080100000 <main>:
ffffffc080100000:	1141                	addi	sp,sp,-16
ffffffc080100002:	e406                	sd	ra,8(sp)
ffffffc080100004:	e022                	sd	s0,0(sp)
ffffffc080100006:	0800                	addi	s0,sp,16
ffffffc080100008:	04800513          	li	a0,72
ffffffc08010000c:	06e000ef          	jal	ra,ffffffc08010007a <putchar>
ffffffc080100010:	06500513          	li	a0,101
ffffffc080100014:	066000ef          	jal	ra,ffffffc08010007a <putchar>
ffffffc080100018:	06c00513          	li	a0,108
ffffffc08010001c:	05e000ef          	jal	ra,ffffffc08010007a <putchar>
ffffffc080100020:	06c00513          	li	a0,108
ffffffc080100024:	056000ef          	jal	ra,ffffffc08010007a <putchar>
ffffffc080100028:	06f00513          	li	a0,111
ffffffc08010002c:	04e000ef          	jal	ra,ffffffc08010007a <putchar>
ffffffc080100030:	03100513          	li	a0,49
ffffffc080100034:	046000ef          	jal	ra,ffffffc08010007a <putchar>
ffffffc080100038:	03200513          	li	a0,50
ffffffc08010003c:	03e000ef          	jal	ra,ffffffc08010007a <putchar>
ffffffc080100040:	03300513          	li	a0,51
ffffffc080100044:	036000ef          	jal	ra,ffffffc08010007a <putchar>
ffffffc080100048:	4529                	li	a0,10
ffffffc08010004a:	030000ef          	jal	ra,ffffffc08010007a <putchar>
ffffffc08010004e:	4501                	li	a0,0
ffffffc080100050:	046000ef          	jal	ra,ffffffc080100096 <exit>
ffffffc080100054:	0001                	nop
ffffffc080100056:	60a2                	ld	ra,8(sp)
ffffffc080100058:	6402                	ld	s0,0(sp)
ffffffc08010005a:	0141                	addi	sp,sp,16
ffffffc08010005c:	8082                	ret

Disassembly of section .text.hello:

ffffffc08010005e <hello>:
ffffffc08010005e:	1141                	addi	sp,sp,-16
ffffffc080100060:	e406                	sd	ra,8(sp)
ffffffc080100062:	4581                	li	a1,0
ffffffc080100064:	4505                	li	a0,1
ffffffc080100066:	00000317          	auipc	t1,0x0
ffffffc08010006a:	25233303          	ld	t1,594(t1) # ffffffc0801002b8 <_GLOBAL_OFFSET_TABLE_+0x8>
ffffffc08010006e:	00033303          	ld	t1,0(t1)
ffffffc080100072:	9302                	jalr	t1
ffffffc080100074:	60a2                	ld	ra,8(sp)
ffffffc080100076:	0141                	addi	sp,sp,16
ffffffc080100078:	8082                	ret

Disassembly of section .text.putchar:

ffffffc08010007a <putchar>:
ffffffc08010007a:	1141                	addi	sp,sp,-16
ffffffc08010007c:	e406                	sd	ra,8(sp)
ffffffc08010007e:	85aa                	mv	a1,a0
ffffffc080100080:	4509                	li	a0,2
ffffffc080100082:	00000317          	auipc	t1,0x0
ffffffc080100086:	23633303          	ld	t1,566(t1) # ffffffc0801002b8 <_GLOBAL_OFFSET_TABLE_+0x8>
ffffffc08010008a:	00033303          	ld	t1,0(t1)
ffffffc08010008e:	9302                	jalr	t1
ffffffc080100090:	60a2                	ld	ra,8(sp)
ffffffc080100092:	0141                	addi	sp,sp,16
ffffffc080100094:	8082                	ret

Disassembly of section .text.exit:

ffffffc080100096 <exit>:
ffffffc080100096:	1141                	addi	sp,sp,-16
ffffffc080100098:	e406                	sd	ra,8(sp)
ffffffc08010009a:	85aa                	mv	a1,a0
ffffffc08010009c:	450d                	li	a0,3
ffffffc08010009e:	00000317          	auipc	t1,0x0
ffffffc0801000a2:	21a33303          	ld	t1,538(t1) # ffffffc0801002b8 <_GLOBAL_OFFSET_TABLE_+0x8>
ffffffc0801000a6:	00033303          	ld	t1,0(t1)
ffffffc0801000aa:	9302                	jalr	t1
ffffffc0801000ac:	60a2                	ld	ra,8(sp)
ffffffc0801000ae:	0141                	addi	sp,sp,16
ffffffc0801000b0:	8082                	ret

Disassembly of section .text.pthread_create:

ffffffc0801000b2 <pthread_create>:
ffffffc0801000b2:	1141                	addi	sp,sp,-16
ffffffc0801000b4:	e406                	sd	ra,8(sp)
ffffffc0801000b6:	4581                	li	a1,0
ffffffc0801000b8:	4511                	li	a0,4
ffffffc0801000ba:	00000317          	auipc	t1,0x0
ffffffc0801000be:	1fe33303          	ld	t1,510(t1) # ffffffc0801002b8 <_GLOBAL_OFFSET_TABLE_+0x8>
ffffffc0801000c2:	00033303          	ld	t1,0(t1)
ffffffc0801000c6:	9302                	jalr	t1
ffffffc0801000c8:	60a2                	ld	ra,8(sp)
ffffffc0801000ca:	0141                	addi	sp,sp,16
ffffffc0801000cc:	8082                	ret

Disassembly of section .text.pthread_join:

ffffffc0801000ce <pthread_join>:
ffffffc0801000ce:	1141                	addi	sp,sp,-16
ffffffc0801000d0:	e406                	sd	ra,8(sp)
ffffffc0801000d2:	4581                	li	a1,0
ffffffc0801000d4:	4515                	li	a0,5
ffffffc0801000d6:	00000317          	auipc	t1,0x0
ffffffc0801000da:	1e233303          	ld	t1,482(t1) # ffffffc0801002b8 <_GLOBAL_OFFSET_TABLE_+0x8>
ffffffc0801000de:	00033303          	ld	t1,0(t1)
ffffffc0801000e2:	9302                	jalr	t1
ffffffc0801000e4:	60a2                	ld	ra,8(sp)
ffffffc0801000e6:	0141                	addi	sp,sp,16
ffffffc0801000e8:	8082                	ret

Disassembly of section .text.pthread_exit:

ffffffc0801000ea <pthread_exit>:
ffffffc0801000ea:	1141                	addi	sp,sp,-16
ffffffc0801000ec:	e406                	sd	ra,8(sp)
ffffffc0801000ee:	4581                	li	a1,0
ffffffc0801000f0:	4519                	li	a0,6
ffffffc0801000f2:	00000317          	auipc	t1,0x0
ffffffc0801000f6:	1c633303          	ld	t1,454(t1) # ffffffc0801002b8 <_GLOBAL_OFFSET_TABLE_+0x8>
ffffffc0801000fa:	00033303          	ld	t1,0(t1)
ffffffc0801000fe:	9302                	jalr	t1
ffffffc080100100:	60a2                	ld	ra,8(sp)
ffffffc080100102:	0141                	addi	sp,sp,16
ffffffc080100104:	8082                	ret

Disassembly of section .text._start:

ffffffc080100106 <_start>:
ffffffc080100106:	8532                	mv	a0,a2
ffffffc080100108:	00000597          	auipc	a1,0x0
ffffffc08010010c:	1ca5b423          	sd	a0,456(a1) # ffffffc0801002d0 <_ZN8mocklibc3abi9ABI_ENTRY17hf8151f7067f6d5c8E>
ffffffc080100110:	00000317          	auipc	t1,0x0
ffffffc080100114:	ef030067          	jr	-272(t1) # ffffffc080100000 <main>
