---
source: xtask/src/main.rs
description: riscv64-linux-musl-gcc (GCC) 9.4.0
expression: from_utf8(&output.stdout).unwrap()
---
hello:     file format elf64-littleriscv
hello
architecture: riscv:rv64, flags 0x00000112:
EXEC_P, HAS_SYMS, D_PAGED
start address 0x0000000000010360

Program Header:
    PHDR off    0x0000000000000040 vaddr 0x0000000000010040 paddr 0x0000000000010040 align 2**3
         filesz 0x0000000000000188 memsz 0x0000000000000188 flags r--
  INTERP off    0x00000000000001c8 vaddr 0x00000000000101c8 paddr 0x00000000000101c8 align 2**0
         filesz 0x000000000000001a memsz 0x000000000000001a flags r--
    LOAD off    0x0000000000000000 vaddr 0x0000000000010000 paddr 0x0000000000010000 align 2**12
         filesz 0x00000000000003be memsz 0x00000000000003be flags r-x
    LOAD off    0x0000000000000eb0 vaddr 0x0000000000011eb0 paddr 0x0000000000011eb0 align 2**12
         filesz 0x0000000000000178 memsz 0x0000000000000178 flags rw-
 DYNAMIC off    0x0000000000000eb0 vaddr 0x0000000000011eb0 paddr 0x0000000000011eb0 align 2**3
         filesz 0x0000000000000150 memsz 0x0000000000000150 flags rw-
   STACK off    0x0000000000000000 vaddr 0x0000000000000000 paddr 0x0000000000000000 align 2**4
         filesz 0x0000000000000000 memsz 0x0000000000000000 flags rw-
   RELRO off    0x0000000000000eb0 vaddr 0x0000000000011eb0 paddr 0x0000000000011eb0 align 2**0
         filesz 0x0000000000000150 memsz 0x0000000000000150 flags r--

Dynamic Section:
  NEEDED               libmocklibc.so
  HASH                 0x00000000000101e8
  GNU_HASH             0x0000000000010210
  STRTAB               0x00000000000102b8
  SYMTAB               0x0000000000010240
  STRSZ                0x0000000000000029
  SYMENT               0x0000000000000018
  DEBUG                0x0000000000000000
  PLTGOT               0x0000000000012000
  PLTRELSZ             0x0000000000000030
  PLTREL               0x0000000000000007
  JMPREL               0x00000000000102e8
  RELA                 0x00000000000102e8
  RELASZ               0x0000000000000030
  RELAENT              0x0000000000000018

Sections:
Idx Name          Size      VMA               LMA               File off  Algn
  0 .interp       0000001a  00000000000101c8  00000000000101c8  000001c8  2**0
                  CONTENTS, ALLOC, LOAD, READONLY, DATA
  1 .hash         00000028  00000000000101e8  00000000000101e8  000001e8  2**3
                  CONTENTS, ALLOC, LOAD, READONLY, DATA
  2 .gnu.hash     00000030  0000000000010210  0000000000010210  00000210  2**3
                  CONTENTS, ALLOC, LOAD, READONLY, DATA
  3 .dynsym       00000078  0000000000010240  0000000000010240  00000240  2**3
                  CONTENTS, ALLOC, LOAD, READONLY, DATA
  4 .dynstr       00000029  00000000000102b8  00000000000102b8  000002b8  2**0
                  CONTENTS, ALLOC, LOAD, READONLY, DATA
  5 .rela.plt     00000030  00000000000102e8  00000000000102e8  000002e8  2**3
                  CONTENTS, ALLOC, LOAD, READONLY, DATA
  6 .plt          00000040  0000000000010320  0000000000010320  00000320  2**4
                  CONTENTS, ALLOC, LOAD, READONLY, CODE
  7 .text         0000005e  0000000000010360  0000000000010360  00000360  2**1
                  CONTENTS, ALLOC, LOAD, READONLY, CODE
  8 .dynamic      00000150  0000000000011eb0  0000000000011eb0  00000eb0  2**3
                  CONTENTS, ALLOC, LOAD, DATA
  9 .got          00000028  0000000000012000  0000000000012000  00001000  2**3
                  CONTENTS, ALLOC, LOAD, DATA
 10 .comment      00000011  0000000000000000  0000000000000000  00001028  2**0
                  CONTENTS, READONLY
SYMBOL TABLE:
00000000000101c8 l    d  .interp	0000000000000000 .interp
00000000000101e8 l    d  .hash	0000000000000000 .hash
0000000000010210 l    d  .gnu.hash	0000000000000000 .gnu.hash
0000000000010240 l    d  .dynsym	0000000000000000 .dynsym
00000000000102b8 l    d  .dynstr	0000000000000000 .dynstr
00000000000102e8 l    d  .rela.plt	0000000000000000 .rela.plt
0000000000010320 l    d  .plt	0000000000000000 .plt
0000000000010360 l    d  .text	0000000000000000 .text
0000000000011eb0 l    d  .dynamic	0000000000000000 .dynamic
0000000000012000 l    d  .got	0000000000000000 .got
0000000000000000 l    d  .comment	0000000000000000 .comment
0000000000000000 l    df *ABS*	0000000000000000 hello.c
0000000000000000 l    df *ABS*	0000000000000000 
0000000000011eb0 l     O .dynamic	0000000000000000 _DYNAMIC
0000000000010320 l     O .plt	0000000000000000 _PROCEDURE_LINKAGE_TABLE_
0000000000012020 l     O .got	0000000000000000 _GLOBAL_OFFSET_TABLE_
0000000000010340       F *UND*	0000000000000000 putchar
0000000000012800 g       *ABS*	0000000000000000 __global_pointer$
0000000000012028 g       .got	0000000000000000 __SDATA_BEGIN__
0000000000000000       F *UND*	0000000000000000 _start
0000000000012028 g       .got	0000000000000000 __BSS_END__
0000000000012028 g       .got	0000000000000000 __bss_start
0000000000010360 g     F .text	000000000000005e main
0000000000012000 g       .got	0000000000000000 __DATA_BEGIN__
0000000000012028 g       .got	0000000000000000 _edata
0000000000012028 g       .got	0000000000000000 _end
0000000000010350       F *UND*	0000000000000000 exit



Disassembly of section .plt:

0000000000010320 <_PROCEDURE_LINKAGE_TABLE_>:
   10320:	97 23 00 00 33 03 c3 41 03 be 03 ce 13 03 43 fd     .#..3..A......C.
   10330:	93 82 03 ce 13 53 13 00 83 b2 82 00 67 00 0e 00     .....S......g...

0000000000010340 <putchar@plt>:
   10340:	00002e17          	auipc	t3,0x2
   10344:	cd0e3e03          	ld	t3,-816(t3) # 12010 <putchar>
   10348:	000e0367          	jalr	t1,t3
   1034c:	00000013          	nop

0000000000010350 <exit@plt>:
   10350:	00002e17          	auipc	t3,0x2
   10354:	cc8e3e03          	ld	t3,-824(t3) # 12018 <exit>
   10358:	000e0367          	jalr	t1,t3
   1035c:	00000013          	nop

Disassembly of section .text:

0000000000010360 <main>:
   10360:	1141                	addi	sp,sp,-16
   10362:	e406                	sd	ra,8(sp)
   10364:	e022                	sd	s0,0(sp)
   10366:	0800                	addi	s0,sp,16
   10368:	04800513          	li	a0,72
   1036c:	fd5ff0ef          	jal	ra,10340 <putchar@plt>
   10370:	06500513          	li	a0,101
   10374:	fcdff0ef          	jal	ra,10340 <putchar@plt>
   10378:	06c00513          	li	a0,108
   1037c:	fc5ff0ef          	jal	ra,10340 <putchar@plt>
   10380:	06c00513          	li	a0,108
   10384:	fbdff0ef          	jal	ra,10340 <putchar@plt>
   10388:	06f00513          	li	a0,111
   1038c:	fb5ff0ef          	jal	ra,10340 <putchar@plt>
   10390:	03100513          	li	a0,49
   10394:	fadff0ef          	jal	ra,10340 <putchar@plt>
   10398:	03200513          	li	a0,50
   1039c:	fa5ff0ef          	jal	ra,10340 <putchar@plt>
   103a0:	03300513          	li	a0,51
   103a4:	f9dff0ef          	jal	ra,10340 <putchar@plt>
   103a8:	4529                	li	a0,10
   103aa:	f97ff0ef          	jal	ra,10340 <putchar@plt>
   103ae:	4501                	li	a0,0
   103b0:	fa1ff0ef          	jal	ra,10350 <exit@plt>
   103b4:	0001                	nop
   103b6:	60a2                	ld	ra,8(sp)
   103b8:	6402                	ld	s0,0(sp)
   103ba:	0141                	addi	sp,sp,16
   103bc:	8082                	ret
