---
source: xtask/src/main.rs
description: riscv64-linux-musl-gcc (GCC) 11.2.1 20211120
expression: from_utf8(&output.stdout).unwrap()
---
printf:     file format elf64-littleriscv
printf
architecture: riscv:rv64, flags 0x00000150:
HAS_SYMS, DYNAMIC, D_PAGED
start address 0x0000000000000630

Program Header:
    PHDR off    0x0000000000000040 vaddr 0x0000000000000040 paddr 0x0000000000000040 align 2**3
         filesz 0x0000000000000188 memsz 0x0000000000000188 flags r--
  INTERP off    0x00000000000001c8 vaddr 0x00000000000001c8 paddr 0x00000000000001c8 align 2**0
         filesz 0x000000000000001a memsz 0x000000000000001a flags r--
    LOAD off    0x0000000000000000 vaddr 0x0000000000000000 paddr 0x0000000000000000 align 2**12
         filesz 0x0000000000000fbc memsz 0x0000000000000fbc flags r-x
    LOAD off    0x0000000000001e30 vaddr 0x0000000000002e30 paddr 0x0000000000002e30 align 2**12
         filesz 0x0000000000000250 memsz 0x0000000000000288 flags rw-
 DYNAMIC off    0x0000000000001e40 vaddr 0x0000000000002e40 paddr 0x0000000000002e40 align 2**3
         filesz 0x00000000000001c0 memsz 0x00000000000001c0 flags rw-
   STACK off    0x0000000000000000 vaddr 0x0000000000000000 paddr 0x0000000000000000 align 2**4
         filesz 0x0000000000000000 memsz 0x0000000000000000 flags rw-
   RELRO off    0x0000000000001e30 vaddr 0x0000000000002e30 paddr 0x0000000000002e30 align 2**0
         filesz 0x00000000000001d0 memsz 0x00000000000001d0 flags r--

Dynamic Section:
  NEEDED               libc.so
  INIT                 0x0000000000000000
  FINI                 0x0000000000000000
  INIT_ARRAY           0x0000000000002e30
  INIT_ARRAYSZ         0x0000000000000008
  FINI_ARRAY           0x0000000000002e38
  FINI_ARRAYSZ         0x0000000000000008
  HASH                 0x00000000000001e8
  GNU_HASH             0x0000000000000238
  STRTAB               0x00000000000003b0
  SYMTAB               0x0000000000000260
  STRSZ                0x00000000000000ac
  SYMENT               0x0000000000000018
  DEBUG                0x0000000000000000
  PLTGOT               0x0000000000003008
  PLTRELSZ             0x0000000000000060
  PLTREL               0x0000000000000007
  JMPREL               0x0000000000000568
  RELA                 0x0000000000000460
  RELASZ               0x0000000000000168
  RELAENT              0x0000000000000018
  FLAGS_1              0x0000000008000000
  RELACOUNT            0x0000000000000004

Sections:
Idx Name          Size      VMA               LMA               File off  Algn
  0 .interp       0000001a  00000000000001c8  00000000000001c8  000001c8  2**0
                  CONTENTS, ALLOC, LOAD, READONLY, DATA
  1 .hash         0000004c  00000000000001e8  00000000000001e8  000001e8  2**3
                  CONTENTS, ALLOC, LOAD, READONLY, DATA
  2 .gnu.hash     00000024  0000000000000238  0000000000000238  00000238  2**3
                  CONTENTS, ALLOC, LOAD, READONLY, DATA
  3 .dynsym       00000150  0000000000000260  0000000000000260  00000260  2**3
                  CONTENTS, ALLOC, LOAD, READONLY, DATA
  4 .dynstr       000000ac  00000000000003b0  00000000000003b0  000003b0  2**0
                  CONTENTS, ALLOC, LOAD, READONLY, DATA
  5 .rela.dyn     00000108  0000000000000460  0000000000000460  00000460  2**3
                  CONTENTS, ALLOC, LOAD, READONLY, DATA
  6 .rela.plt     00000060  0000000000000568  0000000000000568  00000568  2**3
                  CONTENTS, ALLOC, LOAD, READONLY, DATA
  7 .plt          00000060  00000000000005d0  00000000000005d0  000005d0  2**4
                  CONTENTS, ALLOC, LOAD, READONLY, CODE
  8 .text         0000051c  0000000000000630  0000000000000630  00000630  2**1
                  CONTENTS, ALLOC, LOAD, READONLY, CODE
  9 .rodata       00000468  0000000000000b50  0000000000000b50  00000b50  2**3
                  CONTENTS, ALLOC, LOAD, READONLY, DATA
 10 .eh_frame     00000004  0000000000000fb8  0000000000000fb8  00000fb8  2**2
                  CONTENTS, ALLOC, LOAD, READONLY, DATA
 11 .init_array   00000008  0000000000002e30  0000000000002e30  00001e30  2**3
                  CONTENTS, ALLOC, LOAD, DATA
 12 .fini_array   00000008  0000000000002e38  0000000000002e38  00001e38  2**3
                  CONTENTS, ALLOC, LOAD, DATA
 13 .dynamic      000001c0  0000000000002e40  0000000000002e40  00001e40  2**3
                  CONTENTS, ALLOC, LOAD, DATA
 14 .data         00000008  0000000000003000  0000000000003000  00002000  2**3
                  CONTENTS, ALLOC, LOAD, DATA
 15 .got          00000078  0000000000003008  0000000000003008  00002008  2**3
                  CONTENTS, ALLOC, LOAD, DATA
 16 .bss          00000038  0000000000003080  0000000000003080  00002080  2**3
                  ALLOC
 17 .comment      0000001b  0000000000000000  0000000000000000  00002080  2**0
                  CONTENTS, READONLY
SYMBOL TABLE:
00000000000001c8 l    d  .interp	0000000000000000 .interp
00000000000001e8 l    d  .hash	0000000000000000 .hash
0000000000000238 l    d  .gnu.hash	0000000000000000 .gnu.hash
0000000000000260 l    d  .dynsym	0000000000000000 .dynsym
00000000000003b0 l    d  .dynstr	0000000000000000 .dynstr
0000000000000460 l    d  .rela.dyn	0000000000000000 .rela.dyn
0000000000000568 l    d  .rela.plt	0000000000000000 .rela.plt
00000000000005d0 l    d  .plt	0000000000000000 .plt
0000000000000630 l    d  .text	0000000000000000 .text
0000000000000b50 l    d  .rodata	0000000000000000 .rodata
0000000000000fb8 l    d  .eh_frame	0000000000000000 .eh_frame
0000000000002e30 l    d  .init_array	0000000000000000 .init_array
0000000000002e38 l    d  .fini_array	0000000000000000 .fini_array
0000000000002e40 l    d  .dynamic	0000000000000000 .dynamic
0000000000003000 l    d  .data	0000000000000000 .data
0000000000003008 l    d  .got	0000000000000000 .got
0000000000003080 l    d  .bss	0000000000000000 .bss
0000000000000000 l    d  .comment	0000000000000000 .comment
0000000000000000 l    df *ABS*	0000000000000000 Scrt1.c
0000000000000000 l    df *ABS*	0000000000000000 crtstuff.c
000000000000066a l     F .text	0000000000000000 deregister_tm_clones
000000000000068c l     F .text	0000000000000000 register_tm_clones
00000000000006b8 l     F .text	0000000000000000 __do_global_dtors_aux
0000000000003080 l     O .bss	0000000000000001 completed.1
0000000000002e38 l     O .fini_array	0000000000000000 __do_global_dtors_aux_fini_array_entry
0000000000000706 l     F .text	0000000000000000 frame_dummy
0000000000003088 l     O .bss	0000000000000030 object.0
0000000000002e30 l     O .init_array	0000000000000000 __frame_dummy_init_array_entry
0000000000000000 l    df *ABS*	0000000000000000 printf.c
0000000000000000 l    df *ABS*	0000000000000000 crtstuff.c
0000000000000fb8 l     O .eh_frame	0000000000000000 __FRAME_END__
0000000000002e40 l     O *ABS*	0000000000000000 _DYNAMIC
00000000000005d0 l     O *ABS*	0000000000000000 _PROCEDURE_LINKAGE_TABLE_
0000000000003038 l     O *ABS*	0000000000000000 _GLOBAL_OFFSET_TABLE_
0000000000000000       F *UND*	0000000000000000 printf
0000000000003800 g       *ABS*	0000000000000000 .hidden __global_pointer$
0000000000003080 g       .got	0000000000000000 __SDATA_BEGIN__
0000000000003008 g     O .got	0000000000000000 .hidden __TMC_END__
0000000000000000       F *UND*	0000000000000000 puts
0000000000000000  w    F *UND*	0000000000000000 __cxa_finalize
0000000000000000       F *UND*	0000000000000000 sleep
0000000000003000 g     O .data	0000000000000000 .hidden __dso_handle
0000000000000000  w    F *UND*	0000000000000000 _init
0000000000000000  w      *UND*	0000000000000000 __deregister_frame_info
0000000000000000  w      *UND*	0000000000000000 _ITM_registerTMCloneTable
0000000000000630 g     F .text	0000000000000000 _start
0000000000000648 g     F .text	0000000000000022 _start_c
00000000000030b8 g       .bss	0000000000000000 __BSS_END__
0000000000000000  w      *UND*	0000000000000000 _ITM_deregisterTMCloneTable
0000000000003080 g       .bss	0000000000000000 __bss_start
000000000000072e g     F .text	000000000000041e main
0000000000000000  w    F *UND*	0000000000000000 _fini
0000000000003000 g       .data	0000000000000000 __DATA_BEGIN__
0000000000003080 g       .got	0000000000000000 _edata
00000000000030b8 g       .bss	0000000000000000 _end
0000000000000000       F *UND*	0000000000000000 __libc_start_main
0000000000000000  w      *UND*	0000000000000000 __register_frame_info



Disassembly of section .plt:

00000000000005d0 <.plt>:
 5d0:	00003397          	auipc	t2,0x3
 5d4:	41c30333          	sub	t1,t1,t3
 5d8:	a383be03          	ld	t3,-1480(t2) # 3008 <__TMC_END__>
 5dc:	fd430313          	addi	t1,t1,-44
 5e0:	a3838293          	addi	t0,t2,-1480
 5e4:	00135313          	srli	t1,t1,0x1
 5e8:	0082b283          	ld	t0,8(t0)
 5ec:	000e0067          	jr	t3

00000000000005f0 <printf@plt>:
 5f0:	00003e17          	auipc	t3,0x3
 5f4:	a28e3e03          	ld	t3,-1496(t3) # 3018 <printf>
 5f8:	000e0367          	jalr	t1,t3
 5fc:	00000013          	nop

0000000000000600 <puts@plt>:
 600:	00003e17          	auipc	t3,0x3
 604:	a20e3e03          	ld	t3,-1504(t3) # 3020 <puts>
 608:	000e0367          	jalr	t1,t3
 60c:	00000013          	nop

0000000000000610 <sleep@plt>:
 610:	00003e17          	auipc	t3,0x3
 614:	a18e3e03          	ld	t3,-1512(t3) # 3028 <sleep>
 618:	000e0367          	jalr	t1,t3
 61c:	00000013          	nop

0000000000000620 <__libc_start_main@plt>:
 620:	00003e17          	auipc	t3,0x3
 624:	a10e3e03          	ld	t3,-1520(t3) # 3030 <__libc_start_main>
 628:	000e0367          	jalr	t1,t3
 62c:	00000013          	nop

Disassembly of section .text:

0000000000000630 <_start>:
 630:	00003197          	auipc	gp,0x3
 634:	1d018193          	addi	gp,gp,464 # 3800 <__global_pointer$>
 638:	850a                	mv	a0,sp
 63a:	00003597          	auipc	a1,0x3
 63e:	80658593          	addi	a1,a1,-2042 # 2e40 <_DYNAMIC>
 642:	ff017113          	andi	sp,sp,-16
 646:	a009                	j	648 <_start_c>

0000000000000648 <_start_c>:
 648:	410c                	lw	a1,0(a0)
 64a:	00850613          	addi	a2,a0,8
 64e:	4781                	li	a5,0
 650:	00003717          	auipc	a4,0x3
 654:	a2073703          	ld	a4,-1504(a4) # 3070 <_fini>
 658:	00003697          	auipc	a3,0x3
 65c:	9f06b683          	ld	a3,-1552(a3) # 3048 <_init>
 660:	00003517          	auipc	a0,0x3
 664:	a0853503          	ld	a0,-1528(a0) # 3068 <_GLOBAL_OFFSET_TABLE_+0x30>
 668:	bf65                	j	620 <__libc_start_main@plt>

000000000000066a <deregister_tm_clones>:
 66a:	00003517          	auipc	a0,0x3
 66e:	99e50513          	addi	a0,a0,-1634 # 3008 <__TMC_END__>
 672:	00003797          	auipc	a5,0x3
 676:	99678793          	addi	a5,a5,-1642 # 3008 <__TMC_END__>
 67a:	00a78863          	beq	a5,a0,68a <deregister_tm_clones+0x20>
 67e:	00003797          	auipc	a5,0x3
 682:	9e27b783          	ld	a5,-1566(a5) # 3060 <_ITM_deregisterTMCloneTable>
 686:	c391                	beqz	a5,68a <deregister_tm_clones+0x20>
 688:	8782                	jr	a5
 68a:	8082                	ret

000000000000068c <register_tm_clones>:
 68c:	00003517          	auipc	a0,0x3
 690:	97c50513          	addi	a0,a0,-1668 # 3008 <__TMC_END__>
 694:	00003597          	auipc	a1,0x3
 698:	97458593          	addi	a1,a1,-1676 # 3008 <__TMC_END__>
 69c:	8d89                	sub	a1,a1,a0
 69e:	4035d793          	srai	a5,a1,0x3
 6a2:	91fd                	srli	a1,a1,0x3f
 6a4:	95be                	add	a1,a1,a5
 6a6:	8585                	srai	a1,a1,0x1
 6a8:	c599                	beqz	a1,6b6 <register_tm_clones+0x2a>
 6aa:	00003797          	auipc	a5,0x3
 6ae:	9ae7b783          	ld	a5,-1618(a5) # 3058 <_ITM_registerTMCloneTable>
 6b2:	c391                	beqz	a5,6b6 <register_tm_clones+0x2a>
 6b4:	8782                	jr	a5
 6b6:	8082                	ret

00000000000006b8 <__do_global_dtors_aux>:
 6b8:	1141                	addi	sp,sp,-16
 6ba:	e022                	sd	s0,0(sp)
 6bc:	00003417          	auipc	s0,0x3
 6c0:	9c440413          	addi	s0,s0,-1596 # 3080 <completed.1>
 6c4:	00044783          	lbu	a5,0(s0)
 6c8:	e406                	sd	ra,8(sp)
 6ca:	eb95                	bnez	a5,6fe <__do_global_dtors_aux+0x46>
 6cc:	00003797          	auipc	a5,0x3
 6d0:	9747b783          	ld	a5,-1676(a5) # 3040 <__cxa_finalize>
 6d4:	c791                	beqz	a5,6e0 <__do_global_dtors_aux+0x28>
 6d6:	00003517          	auipc	a0,0x3
 6da:	92a53503          	ld	a0,-1750(a0) # 3000 <__dso_handle>
 6de:	9782                	jalr	a5
 6e0:	f8bff0ef          	jal	ra,66a <deregister_tm_clones>
 6e4:	00003797          	auipc	a5,0x3
 6e8:	96c7b783          	ld	a5,-1684(a5) # 3050 <__deregister_frame_info>
 6ec:	c791                	beqz	a5,6f8 <__do_global_dtors_aux+0x40>
 6ee:	00001517          	auipc	a0,0x1
 6f2:	8ca50513          	addi	a0,a0,-1846 # fb8 <__FRAME_END__>
 6f6:	9782                	jalr	a5
 6f8:	4785                	li	a5,1
 6fa:	00f40023          	sb	a5,0(s0)
 6fe:	60a2                	ld	ra,8(sp)
 700:	6402                	ld	s0,0(sp)
 702:	0141                	addi	sp,sp,16
 704:	8082                	ret

0000000000000706 <frame_dummy>:
 706:	00003797          	auipc	a5,0x3
 70a:	9727b783          	ld	a5,-1678(a5) # 3078 <__register_frame_info>
 70e:	cf99                	beqz	a5,72c <frame_dummy+0x26>
 710:	1141                	addi	sp,sp,-16
 712:	e406                	sd	ra,8(sp)
 714:	00003597          	auipc	a1,0x3
 718:	97458593          	addi	a1,a1,-1676 # 3088 <object.0>
 71c:	00001517          	auipc	a0,0x1
 720:	89c50513          	addi	a0,a0,-1892 # fb8 <__FRAME_END__>
 724:	9782                	jalr	a5
 726:	60a2                	ld	ra,8(sp)
 728:	0141                	addi	sp,sp,16
 72a:	b78d                	j	68c <register_tm_clones>
 72c:	b785                	j	68c <register_tm_clones>

000000000000072e <main>:
 72e:	711d                	addi	sp,sp,-96
 730:	ec86                	sd	ra,88(sp)
 732:	e8a2                	sd	s0,80(sp)
 734:	1080                	addi	s0,sp,96
 736:	00000517          	auipc	a0,0x0
 73a:	41a50513          	addi	a0,a0,1050 # b50 <main+0x422>
 73e:	ec3ff0ef          	jal	ra,600 <puts@plt>
 742:	4785                	li	a5,1
 744:	fef42623          	sw	a5,-20(s0)
 748:	fec42783          	lw	a5,-20(s0)
 74c:	85be                	mv	a1,a5
 74e:	00000517          	auipc	a0,0x0
 752:	41250513          	addi	a0,a0,1042 # b60 <main+0x432>
 756:	e9bff0ef          	jal	ra,5f0 <printf@plt>
 75a:	00001797          	auipc	a5,0x1
 75e:	84678793          	addi	a5,a5,-1978 # fa0 <main+0x872>
 762:	0007a787          	flw	fa5,0(a5)
 766:	fef42427          	fsw	fa5,-24(s0)
 76a:	fe842787          	flw	fa5,-24(s0)
 76e:	420787d3          	fcvt.d.s	fa5,fa5
 772:	e20785d3          	fmv.x.d	a1,fa5
 776:	00000517          	auipc	a0,0x0
 77a:	3fa50513          	addi	a0,a0,1018 # b70 <main+0x442>
 77e:	e73ff0ef          	jal	ra,5f0 <printf@plt>
 782:	fec42783          	lw	a5,-20(s0)
 786:	853e                	mv	a0,a5
 788:	e89ff0ef          	jal	ra,610 <sleep@plt>
 78c:	77f5                	lui	a5,0xffffd
 78e:	fc778793          	addi	a5,a5,-57 # ffffffffffffcfc7 <__global_pointer$+0xffffffffffff97c7>
 792:	faf42623          	sw	a5,-84(s0)
 796:	67b5                	lui	a5,0xd
 798:	43178793          	addi	a5,a5,1073 # d431 <__global_pointer$+0x9c31>
 79c:	fef42223          	sw	a5,-28(s0)
 7a0:	00000517          	auipc	a0,0x0
 7a4:	3e050513          	addi	a0,a0,992 # b80 <main+0x452>
 7a8:	e59ff0ef          	jal	ra,600 <puts@plt>
 7ac:	fac42783          	lw	a5,-84(s0)
 7b0:	85be                	mv	a1,a5
 7b2:	00000517          	auipc	a0,0x0
 7b6:	3de50513          	addi	a0,a0,990 # b90 <main+0x462>
 7ba:	e37ff0ef          	jal	ra,5f0 <printf@plt>
 7be:	fac42783          	lw	a5,-84(s0)
 7c2:	85be                	mv	a1,a5
 7c4:	00000517          	auipc	a0,0x0
 7c8:	3dc50513          	addi	a0,a0,988 # ba0 <main+0x472>
 7cc:	e25ff0ef          	jal	ra,5f0 <printf@plt>
 7d0:	fac42783          	lw	a5,-84(s0)
 7d4:	85be                	mv	a1,a5
 7d6:	00000517          	auipc	a0,0x0
 7da:	3e250513          	addi	a0,a0,994 # bb8 <main+0x48a>
 7de:	e13ff0ef          	jal	ra,5f0 <printf@plt>
 7e2:	fac42783          	lw	a5,-84(s0)
 7e6:	85be                	mv	a1,a5
 7e8:	00000517          	auipc	a0,0x0
 7ec:	3e850513          	addi	a0,a0,1000 # bd0 <main+0x4a2>
 7f0:	e01ff0ef          	jal	ra,5f0 <printf@plt>
 7f4:	fac42783          	lw	a5,-84(s0)
 7f8:	85be                	mv	a1,a5
 7fa:	00000517          	auipc	a0,0x0
 7fe:	3ee50513          	addi	a0,a0,1006 # be8 <main+0x4ba>
 802:	defff0ef          	jal	ra,5f0 <printf@plt>
 806:	fac42783          	lw	a5,-84(s0)
 80a:	85be                	mv	a1,a5
 80c:	00000517          	auipc	a0,0x0
 810:	3f450513          	addi	a0,a0,1012 # c00 <main+0x4d2>
 814:	dddff0ef          	jal	ra,5f0 <printf@plt>
 818:	00000517          	auipc	a0,0x0
 81c:	40050513          	addi	a0,a0,1024 # c18 <main+0x4ea>
 820:	de1ff0ef          	jal	ra,600 <puts@plt>
 824:	fe442783          	lw	a5,-28(s0)
 828:	85be                	mv	a1,a5
 82a:	00000517          	auipc	a0,0x0
 82e:	40e50513          	addi	a0,a0,1038 # c38 <main+0x50a>
 832:	dbfff0ef          	jal	ra,5f0 <printf@plt>
 836:	fe442783          	lw	a5,-28(s0)
 83a:	85be                	mv	a1,a5
 83c:	00000517          	auipc	a0,0x0
 840:	40c50513          	addi	a0,a0,1036 # c48 <main+0x51a>
 844:	dadff0ef          	jal	ra,5f0 <printf@plt>
 848:	fe442783          	lw	a5,-28(s0)
 84c:	85be                	mv	a1,a5
 84e:	00000517          	auipc	a0,0x0
 852:	40a50513          	addi	a0,a0,1034 # c58 <main+0x52a>
 856:	d9bff0ef          	jal	ra,5f0 <printf@plt>
 85a:	fe442783          	lw	a5,-28(s0)
 85e:	85be                	mv	a1,a5
 860:	00000517          	auipc	a0,0x0
 864:	40850513          	addi	a0,a0,1032 # c68 <main+0x53a>
 868:	d89ff0ef          	jal	ra,5f0 <printf@plt>
 86c:	fe442783          	lw	a5,-28(s0)
 870:	85be                	mv	a1,a5
 872:	00000517          	auipc	a0,0x0
 876:	40650513          	addi	a0,a0,1030 # c78 <main+0x54a>
 87a:	d77ff0ef          	jal	ra,5f0 <printf@plt>
 87e:	fe442783          	lw	a5,-28(s0)
 882:	85be                	mv	a1,a5
 884:	00000517          	auipc	a0,0x0
 888:	40c50513          	addi	a0,a0,1036 # c90 <main+0x562>
 88c:	d65ff0ef          	jal	ra,5f0 <printf@plt>
 890:	00000517          	auipc	a0,0x0
 894:	41850513          	addi	a0,a0,1048 # ca8 <main+0x57a>
 898:	d69ff0ef          	jal	ra,600 <puts@plt>
 89c:	00000797          	auipc	a5,0x0
 8a0:	70878793          	addi	a5,a5,1800 # fa4 <main+0x876>
 8a4:	0007a787          	flw	fa5,0(a5)
 8a8:	fef42027          	fsw	fa5,-32(s0)
 8ac:	fe042787          	flw	fa5,-32(s0)
 8b0:	420787d3          	fcvt.d.s	fa5,fa5
 8b4:	e20785d3          	fmv.x.d	a1,fa5
 8b8:	00000517          	auipc	a0,0x0
 8bc:	40050513          	addi	a0,a0,1024 # cb8 <main+0x58a>
 8c0:	d31ff0ef          	jal	ra,5f0 <printf@plt>
 8c4:	fe042787          	flw	fa5,-32(s0)
 8c8:	420787d3          	fcvt.d.s	fa5,fa5
 8cc:	e20785d3          	fmv.x.d	a1,fa5
 8d0:	00000517          	auipc	a0,0x0
 8d4:	3f850513          	addi	a0,a0,1016 # cc8 <main+0x59a>
 8d8:	d19ff0ef          	jal	ra,5f0 <printf@plt>
 8dc:	fe042787          	flw	fa5,-32(s0)
 8e0:	420787d3          	fcvt.d.s	fa5,fa5
 8e4:	e20785d3          	fmv.x.d	a1,fa5
 8e8:	00000517          	auipc	a0,0x0
 8ec:	3f850513          	addi	a0,a0,1016 # ce0 <main+0x5b2>
 8f0:	d01ff0ef          	jal	ra,5f0 <printf@plt>
 8f4:	fe042787          	flw	fa5,-32(s0)
 8f8:	420787d3          	fcvt.d.s	fa5,fa5
 8fc:	e20785d3          	fmv.x.d	a1,fa5
 900:	00000517          	auipc	a0,0x0
 904:	3f050513          	addi	a0,a0,1008 # cf0 <main+0x5c2>
 908:	ce9ff0ef          	jal	ra,5f0 <printf@plt>
 90c:	fe042787          	flw	fa5,-32(s0)
 910:	420787d3          	fcvt.d.s	fa5,fa5
 914:	e20785d3          	fmv.x.d	a1,fa5
 918:	00000517          	auipc	a0,0x0
 91c:	3e850513          	addi	a0,a0,1000 # d00 <main+0x5d2>
 920:	cd1ff0ef          	jal	ra,5f0 <printf@plt>
 924:	fe042787          	flw	fa5,-32(s0)
 928:	420787d3          	fcvt.d.s	fa5,fa5
 92c:	e20785d3          	fmv.x.d	a1,fa5
 930:	00000517          	auipc	a0,0x0
 934:	3e050513          	addi	a0,a0,992 # d10 <main+0x5e2>
 938:	cb9ff0ef          	jal	ra,5f0 <printf@plt>
 93c:	fe042787          	flw	fa5,-32(s0)
 940:	420787d3          	fcvt.d.s	fa5,fa5
 944:	e20785d3          	fmv.x.d	a1,fa5
 948:	00000517          	auipc	a0,0x0
 94c:	3d850513          	addi	a0,a0,984 # d20 <main+0x5f2>
 950:	ca1ff0ef          	jal	ra,5f0 <printf@plt>
 954:	00000517          	auipc	a0,0x0
 958:	3dc50513          	addi	a0,a0,988 # d30 <main+0x602>
 95c:	ca5ff0ef          	jal	ra,600 <puts@plt>
 960:	00000797          	auipc	a5,0x0
 964:	64878793          	addi	a5,a5,1608 # fa8 <main+0x87a>
 968:	239c                	fld	fa5,0(a5)
 96a:	f2000753          	fmv.d.x	fa4,zero
 96e:	1ae7f7d3          	fdiv.d	fa5,fa5,fa4
 972:	e20785d3          	fmv.x.d	a1,fa5
 976:	00000517          	auipc	a0,0x0
 97a:	3da50513          	addi	a0,a0,986 # d50 <main+0x622>
 97e:	c73ff0ef          	jal	ra,5f0 <printf@plt>
 982:	00000797          	auipc	a5,0x0
 986:	62e78793          	addi	a5,a5,1582 # fb0 <main+0x882>
 98a:	239c                	fld	fa5,0(a5)
 98c:	f2000753          	fmv.d.x	fa4,zero
 990:	1ae7f7d3          	fdiv.d	fa5,fa5,fa4
 994:	e20785d3          	fmv.x.d	a1,fa5
 998:	00000517          	auipc	a0,0x0
 99c:	3d050513          	addi	a0,a0,976 # d68 <main+0x63a>
 9a0:	c51ff0ef          	jal	ra,5f0 <printf@plt>
 9a4:	f20007d3          	fmv.d.x	fa5,zero
 9a8:	1af7f7d3          	fdiv.d	fa5,fa5,fa5
 9ac:	e20785d3          	fmv.x.d	a1,fa5
 9b0:	00000517          	auipc	a0,0x0
 9b4:	3d050513          	addi	a0,a0,976 # d80 <main+0x652>
 9b8:	c39ff0ef          	jal	ra,5f0 <printf@plt>
 9bc:	05800793          	li	a5,88
 9c0:	fcf40fa3          	sb	a5,-33(s0)
 9c4:	00000797          	auipc	a5,0x0
 9c8:	3d478793          	addi	a5,a5,980 # d98 <main+0x66a>
 9cc:	fcf43823          	sd	a5,-48(s0)
 9d0:	00000517          	auipc	a0,0x0
 9d4:	3d850513          	addi	a0,a0,984 # da8 <main+0x67a>
 9d8:	c29ff0ef          	jal	ra,600 <puts@plt>
 9dc:	fdf44783          	lbu	a5,-33(s0)
 9e0:	2781                	sext.w	a5,a5
 9e2:	85be                	mv	a1,a5
 9e4:	00000517          	auipc	a0,0x0
 9e8:	3e450513          	addi	a0,a0,996 # dc8 <main+0x69a>
 9ec:	c05ff0ef          	jal	ra,5f0 <printf@plt>
 9f0:	fdf44783          	lbu	a5,-33(s0)
 9f4:	2781                	sext.w	a5,a5
 9f6:	85be                	mv	a1,a5
 9f8:	00000517          	auipc	a0,0x0
 9fc:	3e050513          	addi	a0,a0,992 # dd8 <main+0x6aa>
 a00:	bf1ff0ef          	jal	ra,5f0 <printf@plt>
 a04:	fdf44783          	lbu	a5,-33(s0)
 a08:	2781                	sext.w	a5,a5
 a0a:	85be                	mv	a1,a5
 a0c:	00000517          	auipc	a0,0x0
 a10:	3e450513          	addi	a0,a0,996 # df0 <main+0x6c2>
 a14:	bddff0ef          	jal	ra,5f0 <printf@plt>
 a18:	fd043583          	ld	a1,-48(s0)
 a1c:	00000517          	auipc	a0,0x0
 a20:	3ec50513          	addi	a0,a0,1004 # e08 <main+0x6da>
 a24:	bcdff0ef          	jal	ra,5f0 <printf@plt>
 a28:	fd043583          	ld	a1,-48(s0)
 a2c:	00000517          	auipc	a0,0x0
 a30:	3ec50513          	addi	a0,a0,1004 # e18 <main+0x6ea>
 a34:	bbdff0ef          	jal	ra,5f0 <printf@plt>
 a38:	fd043583          	ld	a1,-48(s0)
 a3c:	00000517          	auipc	a0,0x0
 a40:	3f450513          	addi	a0,a0,1012 # e30 <main+0x702>
 a44:	badff0ef          	jal	ra,5f0 <printf@plt>
 a48:	fd043583          	ld	a1,-48(s0)
 a4c:	00000517          	auipc	a0,0x0
 a50:	3fc50513          	addi	a0,a0,1020 # e48 <main+0x71a>
 a54:	b9dff0ef          	jal	ra,5f0 <printf@plt>
 a58:	fac40793          	addi	a5,s0,-84
 a5c:	fcf43423          	sd	a5,-56(s0)
 a60:	57fd                	li	a5,-1
 a62:	8385                	srli	a5,a5,0x1
 a64:	fcf43023          	sd	a5,-64(s0)
 a68:	57fd                	li	a5,-1
 a6a:	8385                	srli	a5,a5,0x1
 a6c:	faf43c23          	sd	a5,-72(s0)
 a70:	57fd                	li	a5,-1
 a72:	faf43823          	sd	a5,-80(s0)
 a76:	00000517          	auipc	a0,0x0
 a7a:	3ea50513          	addi	a0,a0,1002 # e60 <main+0x732>
 a7e:	b83ff0ef          	jal	ra,600 <puts@plt>
 a82:	fc843583          	ld	a1,-56(s0)
 a86:	00000517          	auipc	a0,0x0
 a8a:	3fa50513          	addi	a0,a0,1018 # e80 <main+0x752>
 a8e:	b63ff0ef          	jal	ra,5f0 <printf@plt>
 a92:	fc043583          	ld	a1,-64(s0)
 a96:	00000517          	auipc	a0,0x0
 a9a:	40250513          	addi	a0,a0,1026 # e98 <main+0x76a>
 a9e:	b53ff0ef          	jal	ra,5f0 <printf@plt>
 aa2:	fb843583          	ld	a1,-72(s0)
 aa6:	00000517          	auipc	a0,0x0
 aaa:	40a50513          	addi	a0,a0,1034 # eb0 <main+0x782>
 aae:	b43ff0ef          	jal	ra,5f0 <printf@plt>
 ab2:	00000517          	auipc	a0,0x0
 ab6:	41650513          	addi	a0,a0,1046 # ec8 <main+0x79a>
 aba:	b47ff0ef          	jal	ra,600 <puts@plt>
 abe:	00000597          	auipc	a1,0x0
 ac2:	41a58593          	addi	a1,a1,1050 # ed8 <main+0x7aa>
 ac6:	00000517          	auipc	a0,0x0
 aca:	41a50513          	addi	a0,a0,1050 # ee0 <main+0x7b2>
 ace:	b23ff0ef          	jal	ra,5f0 <printf@plt>
 ad2:	4581                	li	a1,0
 ad4:	00000517          	auipc	a0,0x0
 ad8:	42450513          	addi	a0,a0,1060 # ef8 <main+0x7ca>
 adc:	b15ff0ef          	jal	ra,5f0 <printf@plt>
 ae0:	800005b7          	lui	a1,0x80000
 ae4:	00000517          	auipc	a0,0x0
 ae8:	42450513          	addi	a0,a0,1060 # f08 <main+0x7da>
 aec:	b05ff0ef          	jal	ra,5f0 <printf@plt>
 af0:	800007b7          	lui	a5,0x80000
 af4:	fff7c593          	not	a1,a5
 af8:	00000517          	auipc	a0,0x0
 afc:	42850513          	addi	a0,a0,1064 # f20 <main+0x7f2>
 b00:	af1ff0ef          	jal	ra,5f0 <printf@plt>
 b04:	00000517          	auipc	a0,0x0
 b08:	43450513          	addi	a0,a0,1076 # f38 <main+0x80a>
 b0c:	af5ff0ef          	jal	ra,600 <puts@plt>
 b10:	00000517          	auipc	a0,0x0
 b14:	44850513          	addi	a0,a0,1096 # f58 <main+0x82a>
 b18:	ad9ff0ef          	jal	ra,5f0 <printf@plt>
 b1c:	00000517          	auipc	a0,0x0
 b20:	45450513          	addi	a0,a0,1108 # f70 <main+0x842>
 b24:	acdff0ef          	jal	ra,5f0 <printf@plt>
 b28:	00000517          	auipc	a0,0x0
 b2c:	45850513          	addi	a0,a0,1112 # f80 <main+0x852>
 b30:	ac1ff0ef          	jal	ra,5f0 <printf@plt>
 b34:	00000517          	auipc	a0,0x0
 b38:	45c50513          	addi	a0,a0,1116 # f90 <main+0x862>
 b3c:	ac5ff0ef          	jal	ra,600 <puts@plt>
 b40:	4781                	li	a5,0
 b42:	853e                	mv	a0,a5
 b44:	60e6                	ld	ra,88(sp)
 b46:	6446                	ld	s0,80(sp)
 b48:	6125                	addi	sp,sp,96
 b4a:	8082                	ret
