---
source: xtask/src/main.rs
description: riscv64-linux-musl-gcc (GCC) 9.4.0
expression: from_utf8(&output.stdout).unwrap()
---
pthread:     file format elf64-littleriscv


Disassembly of section .plt:

00000000000104a0 <_PROCEDURE_LINKAGE_TABLE_>:
   104a0:	97 23 00 00 33 03 c3 41 03 be 03 b6 13 03 43 fd     .#..3..A......C.
   104b0:	93 82 03 b6 13 53 13 00 83 b2 82 00 67 00 0e 00     .....S......g...

00000000000104c0 <printf@plt>:
   104c0:	00002e17          	auipc	t3,0x2
   104c4:	b50e3e03          	ld	t3,-1200(t3) # 12010 <printf>
   104c8:	000e0367          	jalr	t1,t3
   104cc:	00000013          	nop

00000000000104d0 <pthread_create@plt>:
   104d0:	00002e17          	auipc	t3,0x2
   104d4:	b48e3e03          	ld	t3,-1208(t3) # 12018 <pthread_create>
   104d8:	000e0367          	jalr	t1,t3
   104dc:	00000013          	nop

00000000000104e0 <pthread_exit@plt>:
   104e0:	00002e17          	auipc	t3,0x2
   104e4:	b40e3e03          	ld	t3,-1216(t3) # 12020 <pthread_exit>
   104e8:	000e0367          	jalr	t1,t3
   104ec:	00000013          	nop

00000000000104f0 <puts@plt>:
   104f0:	00002e17          	auipc	t3,0x2
   104f4:	b38e3e03          	ld	t3,-1224(t3) # 12028 <puts>
   104f8:	000e0367          	jalr	t1,t3
   104fc:	00000013          	nop

0000000000010500 <sleep@plt>:
   10500:	00002e17          	auipc	t3,0x2
   10504:	b30e3e03          	ld	t3,-1232(t3) # 12030 <sleep>
   10508:	000e0367          	jalr	t1,t3
   1050c:	00000013          	nop

0000000000010510 <_init@plt>:
   10510:	00002e17          	auipc	t3,0x2
   10514:	b28e3e03          	ld	t3,-1240(t3) # 12038 <_init>
   10518:	000e0367          	jalr	t1,t3
   1051c:	00000013          	nop

0000000000010520 <_fini@plt>:
   10520:	00002e17          	auipc	t3,0x2
   10524:	b20e3e03          	ld	t3,-1248(t3) # 12040 <_fini>
   10528:	000e0367          	jalr	t1,t3
   1052c:	00000013          	nop

0000000000010530 <__libc_start_main@plt>:
   10530:	00002e17          	auipc	t3,0x2
   10534:	b18e3e03          	ld	t3,-1256(t3) # 12048 <__libc_start_main>
   10538:	000e0367          	jalr	t1,t3
   1053c:	00000013          	nop

0000000000010540 <pthread_join@plt>:
   10540:	00002e17          	auipc	t3,0x2
   10544:	b10e3e03          	ld	t3,-1264(t3) # 12050 <pthread_join>
   10548:	000e0367          	jalr	t1,t3
   1054c:	00000013          	nop

Disassembly of section .text:

0000000000010550 <_start>:
   10550:	00002197          	auipc	gp,0x2
   10554:	2b018193          	addi	gp,gp,688 # 12800 <__global_pointer$>
   10558:	850a                	mv	a0,sp
   1055a:	00002597          	auipc	a1,0x2
   1055e:	8f658593          	addi	a1,a1,-1802 # 11e50 <_DYNAMIC>
   10562:	ff017113          	andi	sp,sp,-16
   10566:	a009                	j	10568 <_start_c>

0000000000010568 <_start_c>:
   10568:	410c                	lw	a1,0(a0)
   1056a:	6741                	lui	a4,0x10
   1056c:	66c1                	lui	a3,0x10
   1056e:	00850613          	addi	a2,a0,8
   10572:	6541                	lui	a0,0x10
   10574:	4781                	li	a5,0
   10576:	52070713          	addi	a4,a4,1312 # 10520 <_fini@plt>
   1057a:	51068693          	addi	a3,a3,1296 # 10510 <_init@plt>
   1057e:	63650513          	addi	a0,a0,1590 # 10636 <main>
   10582:	b77d                	j	10530 <__libc_start_main@plt>

0000000000010584 <deregister_tm_clones>:
   10584:	6549                	lui	a0,0x12
   10586:	6749                	lui	a4,0x12
   10588:	00050793          	mv	a5,a0
   1058c:	00070713          	mv	a4,a4
   10590:	00f70b63          	beq	a4,a5,105a6 <deregister_tm_clones+0x22>
   10594:	00000337          	lui	t1,0x0
   10598:	00030313          	mv	t1,t1
   1059c:	00030563          	beqz	t1,105a6 <deregister_tm_clones+0x22>
   105a0:	00050513          	mv	a0,a0
   105a4:	8302                	jr	t1
   105a6:	8082                	ret

00000000000105a8 <register_tm_clones>:
   105a8:	6549                	lui	a0,0x12
   105aa:	00050593          	mv	a1,a0
   105ae:	67c9                	lui	a5,0x12
   105b0:	00078793          	mv	a5,a5
   105b4:	8f8d                	sub	a5,a5,a1
   105b6:	4037d713          	srai	a4,a5,0x3
   105ba:	03f7d593          	srli	a1,a5,0x3f
   105be:	95ba                	add	a1,a1,a4
   105c0:	8585                	srai	a1,a1,0x1
   105c2:	c991                	beqz	a1,105d6 <register_tm_clones+0x2e>
   105c4:	00000337          	lui	t1,0x0
   105c8:	00030313          	mv	t1,t1
   105cc:	00030563          	beqz	t1,105d6 <register_tm_clones+0x2e>
   105d0:	00050513          	mv	a0,a0
   105d4:	8302                	jr	t1
   105d6:	8082                	ret

00000000000105d8 <__do_global_dtors_aux>:
   105d8:	1141                	addi	sp,sp,-16
   105da:	e022                	sd	s0,0(sp)
   105dc:	8681c783          	lbu	a5,-1944(gp) # 12068 <_edata>
   105e0:	e406                	sd	ra,8(sp)
   105e2:	e395                	bnez	a5,10606 <__do_global_dtors_aux+0x2e>
   105e4:	fa1ff0ef          	jal	ra,10584 <deregister_tm_clones>
   105e8:	000007b7          	lui	a5,0x0
   105ec:	00078793          	mv	a5,a5
   105f0:	cb81                	beqz	a5,10600 <__do_global_dtors_aux+0x28>
   105f2:	6545                	lui	a0,0x11
   105f4:	99450513          	addi	a0,a0,-1644 # 10994 <__FRAME_END__>
   105f8:	00000097          	auipc	ra,0x0
   105fc:	000000e7          	jalr	zero # 0 <_PROCEDURE_LINKAGE_TABLE_-0x104a0>
   10600:	4785                	li	a5,1
   10602:	86f18423          	sb	a5,-1944(gp) # 12068 <_edata>
   10606:	60a2                	ld	ra,8(sp)
   10608:	6402                	ld	s0,0(sp)
   1060a:	0141                	addi	sp,sp,16
   1060c:	8082                	ret

000000000001060e <frame_dummy>:
   1060e:	000007b7          	lui	a5,0x0
   10612:	00078793          	mv	a5,a5
   10616:	cf99                	beqz	a5,10634 <frame_dummy+0x26>
   10618:	6545                	lui	a0,0x11
   1061a:	1141                	addi	sp,sp,-16
   1061c:	87018593          	addi	a1,gp,-1936 # 12070 <object.4707>
   10620:	99450513          	addi	a0,a0,-1644 # 10994 <__FRAME_END__>
   10624:	e406                	sd	ra,8(sp)
   10626:	00000097          	auipc	ra,0x0
   1062a:	000000e7          	jalr	zero # 0 <_PROCEDURE_LINKAGE_TABLE_-0x104a0>
   1062e:	60a2                	ld	ra,8(sp)
   10630:	0141                	addi	sp,sp,16
   10632:	bf9d                	j	105a8 <register_tm_clones>
   10634:	bf95                	j	105a8 <register_tm_clones>

0000000000010636 <main>:
   10636:	7139                	addi	sp,sp,-64
   10638:	fc06                	sd	ra,56(sp)
   1063a:	f822                	sd	s0,48(sp)
   1063c:	0080                	addi	s0,sp,64
   1063e:	4589                	li	a1,2
   10640:	00000517          	auipc	a0,0x0
   10644:	20050513          	addi	a0,a0,512 # 10840 <thread_function+0x86>
   10648:	e79ff0ef          	jal	ra,104c0 <printf@plt>
   1064c:	00000597          	auipc	a1,0x0
   10650:	15258593          	addi	a1,a1,338 # 1079e <addtwo>
   10654:	00000517          	auipc	a0,0x0
   10658:	20c50513          	addi	a0,a0,524 # 10860 <thread_function+0xa6>
   1065c:	e65ff0ef          	jal	ra,104c0 <printf@plt>
   10660:	00000597          	auipc	a1,0x0
   10664:	15a58593          	addi	a1,a1,346 # 107ba <thread_function>
   10668:	00000517          	auipc	a0,0x0
   1066c:	21050513          	addi	a0,a0,528 # 10878 <thread_function+0xbe>
   10670:	e51ff0ef          	jal	ra,104c0 <printf@plt>
   10674:	00000597          	auipc	a1,0x0
   10678:	fc258593          	addi	a1,a1,-62 # 10636 <main>
   1067c:	00000517          	auipc	a0,0x0
   10680:	21c50513          	addi	a0,a0,540 # 10898 <thread_function+0xde>
   10684:	e3dff0ef          	jal	ra,104c0 <printf@plt>
   10688:	4505                	li	a0,1
   1068a:	114000ef          	jal	ra,1079e <addtwo>
   1068e:	87aa                	mv	a5,a0
   10690:	fef42223          	sw	a5,-28(s0)
   10694:	fe442783          	lw	a5,-28(s0)
   10698:	85be                	mv	a1,a5
   1069a:	00000517          	auipc	a0,0x0
   1069e:	21650513          	addi	a0,a0,534 # 108b0 <thread_function+0xf6>
   106a2:	e1fff0ef          	jal	ra,104c0 <printf@plt>
   106a6:	fe042623          	sw	zero,-20(s0)
   106aa:	a071                	j	10736 <main+0x100>
   106ac:	fec42783          	lw	a5,-20(s0)
   106b0:	078a                	slli	a5,a5,0x2
   106b2:	ff040713          	addi	a4,s0,-16
   106b6:	97ba                	add	a5,a5,a4
   106b8:	fec42703          	lw	a4,-20(s0)
   106bc:	fce7ac23          	sw	a4,-40(a5) # ffffffffffffffd8 <__global_pointer$+0xfffffffffffed7d8>
   106c0:	fd040713          	addi	a4,s0,-48
   106c4:	fec42783          	lw	a5,-20(s0)
   106c8:	078e                	slli	a5,a5,0x3
   106ca:	00f70533          	add	a0,a4,a5
   106ce:	fc840713          	addi	a4,s0,-56
   106d2:	fec42783          	lw	a5,-20(s0)
   106d6:	078a                	slli	a5,a5,0x2
   106d8:	97ba                	add	a5,a5,a4
   106da:	86be                	mv	a3,a5
   106dc:	00000617          	auipc	a2,0x0
   106e0:	0de60613          	addi	a2,a2,222 # 107ba <thread_function>
   106e4:	4581                	li	a1,0
   106e6:	debff0ef          	jal	ra,104d0 <pthread_create@plt>
   106ea:	87aa                	mv	a5,a0
   106ec:	fef42023          	sw	a5,-32(s0)
   106f0:	fe042783          	lw	a5,-32(s0)
   106f4:	85be                	mv	a1,a5
   106f6:	00000517          	auipc	a0,0x0
   106fa:	1ca50513          	addi	a0,a0,458 # 108c0 <thread_function+0x106>
   106fe:	dc3ff0ef          	jal	ra,104c0 <printf@plt>
   10702:	fe042783          	lw	a5,-32(s0)
   10706:	2781                	sext.w	a5,a5
   10708:	cb89                	beqz	a5,1071a <main+0xe4>
   1070a:	00000517          	auipc	a0,0x0
   1070e:	1be50513          	addi	a0,a0,446 # 108c8 <thread_function+0x10e>
   10712:	ddfff0ef          	jal	ra,104f0 <puts@plt>
   10716:	4785                	li	a5,1
   10718:	a8b5                	j	10794 <main+0x15e>
   1071a:	fec42783          	lw	a5,-20(s0)
   1071e:	85be                	mv	a1,a5
   10720:	00000517          	auipc	a0,0x0
   10724:	1c850513          	addi	a0,a0,456 # 108e8 <thread_function+0x12e>
   10728:	d99ff0ef          	jal	ra,104c0 <printf@plt>
   1072c:	fec42783          	lw	a5,-20(s0)
   10730:	2785                	addiw	a5,a5,1
   10732:	fef42623          	sw	a5,-20(s0)
   10736:	fec42783          	lw	a5,-20(s0)
   1073a:	0007871b          	sext.w	a4,a5
   1073e:	4785                	li	a5,1
   10740:	f6e7d6e3          	bge	a5,a4,106ac <main+0x76>
   10744:	00000517          	auipc	a0,0x0
   10748:	1bc50513          	addi	a0,a0,444 # 10900 <thread_function+0x146>
   1074c:	da5ff0ef          	jal	ra,104f0 <puts@plt>
   10750:	fe042423          	sw	zero,-24(s0)
   10754:	a015                	j	10778 <main+0x142>
   10756:	fe842783          	lw	a5,-24(s0)
   1075a:	078e                	slli	a5,a5,0x3
   1075c:	ff040713          	addi	a4,s0,-16
   10760:	97ba                	add	a5,a5,a4
   10762:	fe07b783          	ld	a5,-32(a5)
   10766:	4581                	li	a1,0
   10768:	853e                	mv	a0,a5
   1076a:	dd7ff0ef          	jal	ra,10540 <pthread_join@plt>
   1076e:	fe842783          	lw	a5,-24(s0)
   10772:	2785                	addiw	a5,a5,1
   10774:	fef42423          	sw	a5,-24(s0)
   10778:	fe842783          	lw	a5,-24(s0)
   1077c:	0007871b          	sext.w	a4,a5
   10780:	4785                	li	a5,1
   10782:	fce7dae3          	bge	a5,a4,10756 <main+0x120>
   10786:	00000517          	auipc	a0,0x0
   1078a:	18a50513          	addi	a0,a0,394 # 10910 <thread_function+0x156>
   1078e:	d63ff0ef          	jal	ra,104f0 <puts@plt>
   10792:	4781                	li	a5,0
   10794:	853e                	mv	a0,a5
   10796:	70e2                	ld	ra,56(sp)
   10798:	7442                	ld	s0,48(sp)
   1079a:	6121                	addi	sp,sp,64
   1079c:	8082                	ret

000000000001079e <addtwo>:
   1079e:	1101                	addi	sp,sp,-32
   107a0:	ec22                	sd	s0,24(sp)
   107a2:	1000                	addi	s0,sp,32
   107a4:	87aa                	mv	a5,a0
   107a6:	fef42623          	sw	a5,-20(s0)
   107aa:	fec42783          	lw	a5,-20(s0)
   107ae:	2789                	addiw	a5,a5,2
   107b0:	2781                	sext.w	a5,a5
   107b2:	853e                	mv	a0,a5
   107b4:	6462                	ld	s0,24(sp)
   107b6:	6105                	addi	sp,sp,32
   107b8:	8082                	ret

00000000000107ba <thread_function>:
   107ba:	7179                	addi	sp,sp,-48
   107bc:	f406                	sd	ra,40(sp)
   107be:	f022                	sd	s0,32(sp)
   107c0:	1800                	addi	s0,sp,48
   107c2:	fca43c23          	sd	a0,-40(s0)
   107c6:	fd843783          	ld	a5,-40(s0)
   107ca:	439c                	lw	a5,0(a5)
   107cc:	fef42423          	sw	a5,-24(s0)
   107d0:	fe842783          	lw	a5,-24(s0)
   107d4:	00000617          	auipc	a2,0x0
   107d8:	fe660613          	addi	a2,a2,-26 # 107ba <thread_function>
   107dc:	85be                	mv	a1,a5
   107de:	00000517          	auipc	a0,0x0
   107e2:	14a50513          	addi	a0,a0,330 # 10928 <thread_function+0x16e>
   107e6:	cdbff0ef          	jal	ra,104c0 <printf@plt>
   107ea:	fe042623          	sw	zero,-20(s0)
   107ee:	a02d                	j	10818 <thread_function+0x5e>
   107f0:	fec42703          	lw	a4,-20(s0)
   107f4:	fe842783          	lw	a5,-24(s0)
   107f8:	863a                	mv	a2,a4
   107fa:	85be                	mv	a1,a5
   107fc:	00000517          	auipc	a0,0x0
   10800:	15c50513          	addi	a0,a0,348 # 10958 <thread_function+0x19e>
   10804:	cbdff0ef          	jal	ra,104c0 <printf@plt>
   10808:	4505                	li	a0,1
   1080a:	cf7ff0ef          	jal	ra,10500 <sleep@plt>
   1080e:	fec42783          	lw	a5,-20(s0)
   10812:	2785                	addiw	a5,a5,1
   10814:	fef42623          	sw	a5,-20(s0)
   10818:	fec42783          	lw	a5,-20(s0)
   1081c:	0007871b          	sext.w	a4,a5
   10820:	4785                	li	a5,1
   10822:	fce7d7e3          	bge	a5,a4,107f0 <thread_function+0x36>
   10826:	fe842783          	lw	a5,-24(s0)
   1082a:	85be                	mv	a1,a5
   1082c:	00000517          	auipc	a0,0x0
   10830:	15450513          	addi	a0,a0,340 # 10980 <thread_function+0x1c6>
   10834:	c8dff0ef          	jal	ra,104c0 <printf@plt>
   10838:	4501                	li	a0,0
   1083a:	ca7ff0ef          	jal	ra,104e0 <pthread_exit@plt>
