---
source: xtask/src/main.rs
description: riscv64-linux-musl-gcc (GCC) 9.4.0
expression: from_utf8(&output.stdout).unwrap()
---
ELF Header:
  Magic:   7f 45 4c 46 02 01 01 00 00 00 00 00 00 00 00 00 
  Class:                             ELF64
  Data:                              2's complement, little endian
  Version:                           1 (current)
  OS/ABI:                            UNIX - System V
  ABI Version:                       0
  Type:                              EXEC (Executable file)
  Machine:                           RISC-V
  Version:                           0x1
  Entry point address:               0x10550
  Start of program headers:          64 (bytes into file)
  Start of section headers:          6280 (bytes into file)
  Flags:                             0x5, RVC, double-float ABI
  Size of this header:               64 (bytes)
  Size of program headers:           56 (bytes)
  Number of program headers:         7
  Size of section headers:           64 (bytes)
  Number of section headers:         21
  Section header string table index: 20

Section Headers:
  [Nr] Name              Type             Address           Offset
       Size              EntSize          Flags  Link  Info  Align
  [ 0]                   NULL             0000000000000000  00000000
       0000000000000000  0000000000000000           0     0     0
  [ 1] .interp           PROGBITS         00000000000101c8  000001c8
       000000000000001a  0000000000000000   A       0     0     1
  [ 2] .hash             HASH             00000000000101e8  000001e8
       000000000000003c  0000000000000004   A       4     0     8
  [ 3] .gnu.hash         GNU_HASH         0000000000010228  00000228
       0000000000000048  0000000000000000   A       4     0     8
  [ 4] .dynsym           DYNSYM           0000000000010270  00000270
       00000000000000f0  0000000000000018   A       5     1     8
  [ 5] .dynstr           STRTAB           0000000000010360  00000360
       0000000000000062  0000000000000000   A       0     0     1
  [ 6] .rela.plt         RELA             00000000000103c8  000003c8
       00000000000000d8  0000000000000018  AI       4    14     8
  [ 7] .plt              PROGBITS         00000000000104a0  000004a0
       00000000000000b0  0000000000000010  AX       0     0     16
  [ 8] .text             PROGBITS         0000000000010550  00000550
       00000000000002ee  0000000000000000  AX       0     0     2
  [ 9] .rodata           PROGBITS         0000000000010840  00000840
       0000000000000154  0000000000000000   A       0     0     8
  [10] .eh_frame         PROGBITS         0000000000010994  00000994
       0000000000000004  0000000000000000   A       0     0     4
  [11] .init_array       INIT_ARRAY       0000000000011e40  00000e40
       0000000000000008  0000000000000008  WA       0     0     8
  [12] .fini_array       FINI_ARRAY       0000000000011e48  00000e48
       0000000000000008  0000000000000008  WA       0     0     8
  [13] .dynamic          DYNAMIC          0000000000011e50  00000e50
       00000000000001b0  0000000000000010  WA       5     0     8
  [14] .got              PROGBITS         0000000000012000  00001000
       0000000000000060  0000000000000008  WA       0     0     8
  [15] .sdata            PROGBITS         0000000000012060  00001060
       0000000000000008  0000000000000000  WA       0     0     8
  [16] .bss              NOBITS           0000000000012068  00001068
       0000000000000038  0000000000000000  WA       0     0     8
  [17] .comment          PROGBITS         0000000000000000  00001068
       0000000000000011  0000000000000001  MS       0     0     1
  [18] .symtab           SYMTAB           0000000000000000  00001080
       0000000000000588  0000000000000018          19    36     8
  [19] .strtab           STRTAB           0000000000000000  00001608
       00000000000001e3  0000000000000000           0     0     1
  [20] .shstrtab         STRTAB           0000000000000000  000017eb
       000000000000009a  0000000000000000           0     0     1
Key to Flags:
  W (write), A (alloc), X (execute), M (merge), S (strings), I (info),
  L (link order), O (extra OS processing required), G (group), T (TLS),
  C (compressed), x (unknown), o (OS specific), E (exclude),
  p (processor specific)

There are no section groups in this file.

Program Headers:
  Type           Offset             VirtAddr           PhysAddr
                 FileSiz            MemSiz              Flags  Align
  PHDR           0x0000000000000040 0x0000000000010040 0x0000000000010040
                 0x0000000000000188 0x0000000000000188  R      0x8
  INTERP         0x00000000000001c8 0x00000000000101c8 0x00000000000101c8
                 0x000000000000001a 0x000000000000001a  R      0x1
      [Requesting program interpreter: /lib/ld-musl-riscv64.so.1]
  LOAD           0x0000000000000000 0x0000000000010000 0x0000000000010000
                 0x0000000000000998 0x0000000000000998  R E    0x1000
  LOAD           0x0000000000000e40 0x0000000000011e40 0x0000000000011e40
                 0x0000000000000228 0x0000000000000260  RW     0x1000
  DYNAMIC        0x0000000000000e50 0x0000000000011e50 0x0000000000011e50
                 0x00000000000001b0 0x00000000000001b0  RW     0x8
  GNU_STACK      0x0000000000000000 0x0000000000000000 0x0000000000000000
                 0x0000000000000000 0x0000000000000000  RW     0x10
  GNU_RELRO      0x0000000000000e40 0x0000000000011e40 0x0000000000011e40
                 0x00000000000001c0 0x00000000000001c0  R      0x1

 Section to Segment mapping:
  Segment Sections...
   00     
   01     .interp 
   02     .interp .hash .gnu.hash .dynsym .dynstr .rela.plt .plt .text .rodata .eh_frame 
   03     .init_array .fini_array .dynamic .got .sdata .bss 
   04     .dynamic 
   05     
   06     .init_array .fini_array .dynamic 

Dynamic section at offset 0xe50 contains 22 entries:
  Tag        Type                         Name/Value
 0x0000000000000001 (NEEDED)             Shared library: [libc.so]
 0x000000000000000c (INIT)               0x10510
 0x000000000000000d (FINI)               0x10520
 0x0000000000000019 (INIT_ARRAY)         0x11e40
 0x000000000000001b (INIT_ARRAYSZ)       8 (bytes)
 0x000000000000001a (FINI_ARRAY)         0x11e48
 0x000000000000001c (FINI_ARRAYSZ)       8 (bytes)
 0x0000000000000004 (HASH)               0x101e8
 0x000000006ffffef5 (GNU_HASH)           0x10228
 0x0000000000000005 (STRTAB)             0x10360
 0x0000000000000006 (SYMTAB)             0x10270
 0x000000000000000a (STRSZ)              98 (bytes)
 0x000000000000000b (SYMENT)             24 (bytes)
 0x0000000000000015 (DEBUG)              0x0
 0x0000000000000003 (PLTGOT)             0x12000
 0x0000000000000002 (PLTRELSZ)           216 (bytes)
 0x0000000000000014 (PLTREL)             RELA
 0x0000000000000017 (JMPREL)             0x103c8
 0x0000000000000007 (RELA)               0x103c8
 0x0000000000000008 (RELASZ)             216 (bytes)
 0x0000000000000009 (RELAENT)            24 (bytes)
 0x0000000000000000 (NULL)               0x0

Relocation section '.rela.plt' at offset 0x3c8 contains 9 entries:
  Offset          Info           Type           Sym. Value    Sym. Name + Addend
000000012010  000300000005 R_RISCV_JUMP_SLOT 00000000000104c0 printf + 0
000000012018  000500000005 R_RISCV_JUMP_SLOT 00000000000104d0 pthread_create + 0
000000012020  000600000005 R_RISCV_JUMP_SLOT 00000000000104e0 pthread_exit + 0
000000012028  000100000005 R_RISCV_JUMP_SLOT 00000000000104f0 puts + 0
000000012030  000200000005 R_RISCV_JUMP_SLOT 0000000000010500 sleep + 0
000000012038  000400000005 R_RISCV_JUMP_SLOT 0000000000000000 _init + 0
000000012040  000700000005 R_RISCV_JUMP_SLOT 0000000000000000 _fini + 0
000000012048  000800000005 R_RISCV_JUMP_SLOT 0000000000010530 __libc_start_main + 0
000000012050  000900000005 R_RISCV_JUMP_SLOT 0000000000010540 pthread_join + 0

The decoding of unwind sections for machine type RISC-V is not currently supported.

Symbol table '.dynsym' contains 10 entries:
   Num:    Value          Size Type    Bind   Vis      Ndx Name
     0: 0000000000000000     0 NOTYPE  LOCAL  DEFAULT  UND 
     1: 00000000000104f0     0 FUNC    GLOBAL DEFAULT  UND puts
     2: 0000000000010500     0 FUNC    GLOBAL DEFAULT  UND sleep
     3: 00000000000104c0     0 FUNC    GLOBAL DEFAULT  UND printf
     4: 0000000000000000     0 FUNC    WEAK   DEFAULT  UND _init
     5: 00000000000104d0     0 FUNC    GLOBAL DEFAULT  UND pthread_create
     6: 00000000000104e0     0 FUNC    GLOBAL DEFAULT  UND pthread_exit
     7: 0000000000000000     0 FUNC    WEAK   DEFAULT  UND _fini
     8: 0000000000010530     0 FUNC    GLOBAL DEFAULT  UND __libc_start_main
     9: 0000000000010540     0 FUNC    GLOBAL DEFAULT  UND pthread_join

Symbol table '.symtab' contains 59 entries:
   Num:    Value          Size Type    Bind   Vis      Ndx Name
     0: 0000000000000000     0 NOTYPE  LOCAL  DEFAULT  UND 
     1: 00000000000101c8     0 SECTION LOCAL  DEFAULT    1 
     2: 00000000000101e8     0 SECTION LOCAL  DEFAULT    2 
     3: 0000000000010228     0 SECTION LOCAL  DEFAULT    3 
     4: 0000000000010270     0 SECTION LOCAL  DEFAULT    4 
     5: 0000000000010360     0 SECTION LOCAL  DEFAULT    5 
     6: 00000000000103c8     0 SECTION LOCAL  DEFAULT    6 
     7: 00000000000104a0     0 SECTION LOCAL  DEFAULT    7 
     8: 0000000000010550     0 SECTION LOCAL  DEFAULT    8 
     9: 0000000000010840     0 SECTION LOCAL  DEFAULT    9 
    10: 0000000000010994     0 SECTION LOCAL  DEFAULT   10 
    11: 0000000000011e40     0 SECTION LOCAL  DEFAULT   11 
    12: 0000000000011e48     0 SECTION LOCAL  DEFAULT   12 
    13: 0000000000011e50     0 SECTION LOCAL  DEFAULT   13 
    14: 0000000000012000     0 SECTION LOCAL  DEFAULT   14 
    15: 0000000000012060     0 SECTION LOCAL  DEFAULT   15 
    16: 0000000000012068     0 SECTION LOCAL  DEFAULT   16 
    17: 0000000000000000     0 SECTION LOCAL  DEFAULT   17 
    18: 0000000000000000     0 FILE    LOCAL  DEFAULT  ABS crt1.c
    19: 0000000000000000     0 FILE    LOCAL  DEFAULT  ABS crtstuff.c
    20: 0000000000010994     0 OBJECT  LOCAL  DEFAULT   10 
    21: 0000000000010584     0 FUNC    LOCAL  DEFAULT    8 deregister_tm_clones
    22: 00000000000105a8     0 FUNC    LOCAL  DEFAULT    8 register_tm_clones
    23: 00000000000105d8     0 FUNC    LOCAL  DEFAULT    8 __do_global_dtors_aux
    24: 0000000000012068     1 OBJECT  LOCAL  DEFAULT   16 completed.4702
    25: 0000000000011e48     0 OBJECT  LOCAL  DEFAULT   12 __do_global_dtors_aux_fin
    26: 000000000001060e     0 FUNC    LOCAL  DEFAULT    8 frame_dummy
    27: 0000000000012070    48 OBJECT  LOCAL  DEFAULT   16 object.4707
    28: 0000000000011e40     0 OBJECT  LOCAL  DEFAULT   11 __frame_dummy_init_array_
    29: 0000000000000000     0 FILE    LOCAL  DEFAULT  ABS pthread.c
    30: 0000000000000000     0 FILE    LOCAL  DEFAULT  ABS crtstuff.c
    31: 0000000000010994     0 OBJECT  LOCAL  DEFAULT   10 __FRAME_END__
    32: 0000000000000000     0 FILE    LOCAL  DEFAULT  ABS 
    33: 0000000000011e50     0 OBJECT  LOCAL  DEFAULT   13 _DYNAMIC
    34: 00000000000104a0     0 OBJECT  LOCAL  DEFAULT    7 _PROCEDURE_LINKAGE_TABLE_
    35: 0000000000012058     0 OBJECT  LOCAL  DEFAULT   14 _GLOBAL_OFFSET_TABLE_
    36: 00000000000104c0     0 FUNC    GLOBAL DEFAULT  UND printf
    37: 0000000000012800     0 NOTYPE  GLOBAL HIDDEN   ABS __global_pointer$
    38: 00000000000104d0     0 FUNC    GLOBAL DEFAULT  UND pthread_create
    39: 00000000000104e0     0 FUNC    GLOBAL DEFAULT  UND pthread_exit
    40: 0000000000012060     0 NOTYPE  GLOBAL DEFAULT   15 __SDATA_BEGIN__
    41: 0000000000012000     0 OBJECT  GLOBAL HIDDEN    14 __TMC_END__
    42: 00000000000104f0     0 FUNC    GLOBAL DEFAULT  UND puts
    43: 0000000000010500     0 FUNC    GLOBAL DEFAULT  UND sleep
    44: 0000000000012060     0 OBJECT  GLOBAL HIDDEN    15 __dso_handle
    45: 0000000000000000     0 FUNC    WEAK   DEFAULT  UND _init
    46: 0000000000010550     0 FUNC    GLOBAL DEFAULT    8 _start
    47: 0000000000010568    28 FUNC    GLOBAL DEFAULT    8 _start_c
    48: 00000000000120a0     0 NOTYPE  GLOBAL DEFAULT   16 __BSS_END__
    49: 0000000000012068     0 NOTYPE  GLOBAL DEFAULT   16 __bss_start
    50: 0000000000010636   360 FUNC    GLOBAL DEFAULT    8 main
    51: 0000000000000000     0 FUNC    WEAK   DEFAULT  UND _fini
    52: 000000000001079e    28 FUNC    GLOBAL DEFAULT    8 addtwo
    53: 0000000000012000     0 NOTYPE  GLOBAL DEFAULT   14 __DATA_BEGIN__
    54: 0000000000012068     0 NOTYPE  GLOBAL DEFAULT   15 _edata
    55: 00000000000120a0     0 NOTYPE  GLOBAL DEFAULT   16 _end
    56: 00000000000107ba   132 FUNC    GLOBAL DEFAULT    8 thread_function
    57: 0000000000010530     0 FUNC    GLOBAL DEFAULT  UND __libc_start_main
    58: 0000000000010540     0 FUNC    GLOBAL DEFAULT  UND pthread_join

Histogram for bucket list length (total of 3 buckets):
 Length  Number     % of total  Coverage
      0  0          (  0.0%)
      1  0          (  0.0%)      0.0%
      2  1          ( 33.3%)     22.2%
      3  1          ( 33.3%)     55.6%
      4  1          ( 33.3%)    100.0%

Histogram for `.gnu.hash' bucket list length (total of 3 buckets):
 Length  Number     % of total  Coverage
      0  0          (  0.0%)
      1  0          (  0.0%)      0.0%
      2  2          ( 66.7%)     44.4%
      3  0          (  0.0%)     44.4%
      4  0          (  0.0%)     44.4%
      5  1          ( 33.3%)    100.0%

No version information found in this file.
