---
source: xtask/src/main.rs
assertion_line: 543
description: riscv64-linux-musl-gcc (GCC) 11.2.1 20211120
expression: from_utf8(&output.stdout).unwrap()
---
ELF Header:
  Magic:   7f 45 4c 46 02 01 01 00 00 00 00 00 00 00 00 00 
  Class:                             ELF64
  Data:                              2's complement, little endian
  Version:                           1 (current)
  OS/ABI:                            UNIX - System V
  ABI Version:                       0
  Type:                              DYN (Position-Independent Executable file)
  Machine:                           RISC-V
  Version:                           0x1
  Entry point address:               0x7c0
  Start of program headers:          64 (bytes into file)
  Start of section headers:          26912 (bytes into file)
  Flags:                             0x5, RVC, double-float ABI
  Size of this header:               64 (bytes)
  Size of program headers:           56 (bytes)
  Number of program headers:         7
  Size of section headers:           64 (bytes)
  Number of section headers:         22
  Section header string table index: 21

Section Headers:
  [Nr] Name              Type             Address           Offset
       Size              EntSize          Flags  Link  Info  Align
  [ 0]                   NULL             0000000000000000  00000000
       0000000000000000  0000000000000000           0     0     0
  [ 1] .interp           PROGBITS         00000000000001c8  000001c8
       000000000000001a  0000000000000000   A       0     0     1
  [ 2] .hash             HASH             00000000000001e8  000001e8
       000000000000005c  0000000000000004   A       4     0     8
  [ 3] .gnu.hash         GNU_HASH         0000000000000248  00000248
       0000000000000024  0000000000000000   A       4     0     8
  [ 4] .dynsym           DYNSYM           0000000000000270  00000270
       00000000000001b0  0000000000000018   A       5     2     8
  [ 5] .dynstr           STRTAB           0000000000000420  00000420
       00000000000000cc  0000000000000000   A       0     0     1
  [ 6] .rela.dyn         RELA             00000000000004f0  000004f0
       0000000000000168  0000000000000018   A       4     0     8
  [ 7] .rela.plt         RELA             0000000000000658  00000658
       00000000000000c0  0000000000000018  AI       4    16     8
  [ 8] .plt              PROGBITS         0000000000000720  00000720
       00000000000000a0  0000000000000010  AX       0     0     16
  [ 9] .text             PROGBITS         00000000000007c0  000007c0
       00000000000036e8  0000000000000000  AX       0     0     2
  [10] .rodata           PROGBITS         0000000000003ea8  00003ea8
       0000000000000438  0000000000000000   A       0     0     8
  [11] .eh_frame         PROGBITS         00000000000042e0  000042e0
       0000000000000004  0000000000000000   A       0     0     4
  [12] .init_array       INIT_ARRAY       0000000000005e30  00004e30
       0000000000000008  0000000000000008  WA       0     0     8
  [13] .fini_array       FINI_ARRAY       0000000000005e38  00004e38
       0000000000000008  0000000000000008  WA       0     0     8
  [14] .dynamic          DYNAMIC          0000000000005e40  00004e40
       00000000000001c0  0000000000000010  WA       5     0     8
  [15] .data             PROGBITS         0000000000006000  00005000
       0000000000000028  0000000000000000  WA       0     0     8
  [16] .got              PROGBITS         0000000000006028  00005028
       0000000000000098  0000000000000008  WA       0     0     8
  [17] .bss              NOBITS           00000000000060c0  000050c0
       00000000000001e8  0000000000000000  WA       0     0     8
  [18] .comment          PROGBITS         0000000000000000  000050c0
       000000000000001b  0000000000000001  MS       0     0     1
  [19] .symtab           SYMTAB           0000000000000000  000050e0
       0000000000000eb8  0000000000000018          20    79     8
  [20] .strtab           STRTAB           0000000000000000  00005f98
       00000000000008e5  0000000000000000           0     0     1
  [21] .shstrtab         STRTAB           0000000000000000  0000687d
       00000000000000a3  0000000000000000           0     0     1
Key to Flags:
  W (write), A (alloc), X (execute), M (merge), S (strings), I (info),
  L (link order), O (extra OS processing required), G (group), T (TLS),
  C (compressed), x (unknown), o (OS specific), E (exclude),
  D (mbind), p (processor specific)

There are no section groups in this file.

Program Headers:
  Type           Offset             VirtAddr           PhysAddr
                 FileSiz            MemSiz              Flags  Align
  PHDR           0x0000000000000040 0x0000000000000040 0x0000000000000040
                 0x0000000000000188 0x0000000000000188  R      0x8
  INTERP         0x00000000000001c8 0x00000000000001c8 0x00000000000001c8
                 0x000000000000001a 0x000000000000001a  R      0x1
      [Requesting program interpreter: /lib/ld-musl-riscv64.so.1]
  LOAD           0x0000000000000000 0x0000000000000000 0x0000000000000000
                 0x00000000000042e4 0x00000000000042e4  R E    0x1000
  LOAD           0x0000000000004e30 0x0000000000005e30 0x0000000000005e30
                 0x0000000000000290 0x0000000000000478  RW     0x1000
  DYNAMIC        0x0000000000004e40 0x0000000000005e40 0x0000000000005e40
                 0x00000000000001c0 0x00000000000001c0  RW     0x8
  GNU_STACK      0x0000000000000000 0x0000000000000000 0x0000000000000000
                 0x0000000000000000 0x0000000000000000  RW     0x10
  GNU_RELRO      0x0000000000004e30 0x0000000000005e30 0x0000000000005e30
                 0x00000000000001d0 0x00000000000001d0  R      0x1

 Section to Segment mapping:
  Segment Sections...
   00     
   01     .interp 
   02     .interp .hash .gnu.hash .dynsym .dynstr .rela.dyn .rela.plt .plt .text .rodata .eh_frame 
   03     .init_array .fini_array .dynamic .data .got .bss 
   04     .dynamic 
   05     
   06     .init_array .fini_array .dynamic 

Dynamic section at offset 0x4e40 contains 24 entries:
  Tag        Type                         Name/Value
 0x0000000000000001 (NEEDED)             Shared library: [libc.so]
 0x000000000000000c (INIT)               0x0
 0x000000000000000d (FINI)               0x0
 0x0000000000000019 (INIT_ARRAY)         0x5e30
 0x000000000000001b (INIT_ARRAYSZ)       8 (bytes)
 0x000000000000001a (FINI_ARRAY)         0x5e38
 0x000000000000001c (FINI_ARRAYSZ)       8 (bytes)
 0x0000000000000004 (HASH)               0x1e8
 0x000000006ffffef5 (GNU_HASH)           0x248
 0x0000000000000005 (STRTAB)             0x420
 0x0000000000000006 (SYMTAB)             0x270
 0x000000000000000a (STRSZ)              204 (bytes)
 0x000000000000000b (SYMENT)             24 (bytes)
 0x0000000000000015 (DEBUG)              0x0
 0x0000000000000003 (PLTGOT)             0x6028
 0x0000000000000002 (PLTRELSZ)           192 (bytes)
 0x0000000000000014 (PLTREL)             RELA
 0x0000000000000017 (JMPREL)             0x658
 0x0000000000000007 (RELA)               0x4f0
 0x0000000000000008 (RELASZ)             552 (bytes)
 0x0000000000000009 (RELAENT)            24 (bytes)
 0x000000006ffffffb (FLAGS_1)            Flags: PIE
 0x000000006ffffff9 (RELACOUNT)          8
 0x0000000000000000 (NULL)               0x0

Relocation section '.rela.dyn' at offset 0x4f0 contains 15 entries:
  Offset          Info           Type           Sym. Value    Sym. Name + Addend
000000005e30  000000000003 R_RISCV_RELATIVE                     896
000000005e38  000000000003 R_RISCV_RELATIVE                     848
000000006000  000000000003 R_RISCV_RELATIVE                     6000
000000006008  000000000003 R_RISCV_RELATIVE                     4160
000000006010  000000000003 R_RISCV_RELATIVE                     4170
000000006018  000000000003 R_RISCV_RELATIVE                     4188
000000006020  000000000003 R_RISCV_RELATIVE                     4190
0000000060a8  000000000003 R_RISCV_RELATIVE                     d94
000000006080  000500000002 R_RISCV_64        0000000000000000 __cxa_finalize + 0
000000006088  000700000002 R_RISCV_64        0000000000000000 _init + 0
000000006090  000900000002 R_RISCV_64        0000000000000000 __deregister_fram[...] + 0
000000006098  000a00000002 R_RISCV_64        0000000000000000 _ITM_registerTMCl[...] + 0
0000000060a0  000c00000002 R_RISCV_64        0000000000000000 _ITM_deregisterTM[...] + 0
0000000060b0  000d00000002 R_RISCV_64        0000000000000000 _fini + 0
0000000060b8  000f00000002 R_RISCV_64        0000000000000000 __register_frame_info + 0

Relocation section '.rela.plt' at offset 0x658 contains 8 entries:
  Offset          Info           Type           Sym. Value    Sym. Name + Addend
000000006038  000200000005 R_RISCV_JUMP_SLOT 0000000000000000 longjmp + 0
000000006040  000300000005 R_RISCV_JUMP_SLOT 0000000000000000 putchar + 0
000000006048  000400000005 R_RISCV_JUMP_SLOT 0000000000000000 setjmp + 0
000000006050  000600000005 R_RISCV_JUMP_SLOT 0000000000000000 malloc + 0
000000006058  000800000005 R_RISCV_JUMP_SLOT 0000000000000000 calloc + 0
000000006060  000b00000005 R_RISCV_JUMP_SLOT 0000000000000000 realloc + 0
000000006068  000e00000005 R_RISCV_JUMP_SLOT 0000000000000000 __libc_start_main + 0
000000006070  001000000005 R_RISCV_JUMP_SLOT 0000000000000000 free + 0

The decoding of unwind sections for machine type RISC-V is not currently supported.

Symbol table '.dynsym' contains 18 entries:
   Num:    Value          Size Type    Bind   Vis      Ndx Name
     0: 0000000000000000     0 NOTYPE  LOCAL  DEFAULT  UND 
     1: 00000000000007c0     0 SECTION LOCAL  DEFAULT    9 .text
     2: 0000000000000000     0 FUNC    GLOBAL DEFAULT  UND longjmp
     3: 0000000000000000     0 FUNC    GLOBAL DEFAULT  UND putchar
     4: 0000000000000000     0 FUNC    GLOBAL DEFAULT  UND setjmp
     5: 0000000000000000     0 FUNC    WEAK   DEFAULT  UND __cxa_finalize
     6: 0000000000000000     0 FUNC    GLOBAL DEFAULT  UND malloc
     7: 0000000000000000     0 FUNC    WEAK   DEFAULT  UND _init
     8: 0000000000000000     0 FUNC    GLOBAL DEFAULT  UND calloc
     9: 0000000000000000     0 NOTYPE  WEAK   DEFAULT  UND __deregister_fra[...]
    10: 0000000000000000     0 NOTYPE  WEAK   DEFAULT  UND _ITM_registerTMC[...]
    11: 0000000000000000     0 FUNC    GLOBAL DEFAULT  UND realloc
    12: 0000000000000000     0 NOTYPE  WEAK   DEFAULT  UND _ITM_deregisterT[...]
    13: 0000000000000000     0 FUNC    WEAK   DEFAULT  UND _fini
    14: 0000000000000000     0 FUNC    GLOBAL DEFAULT  UND __libc_start_main
    15: 0000000000000000     0 NOTYPE  WEAK   DEFAULT  UND __register_frame_info
    16: 0000000000000000     0 FUNC    GLOBAL DEFAULT  UND free
    17: 0000000000000d94   204 FUNC    GLOBAL DEFAULT    9 main

Symbol table '.symtab' contains 157 entries:
   Num:    Value          Size Type    Bind   Vis      Ndx Name
     0: 0000000000000000     0 NOTYPE  LOCAL  DEFAULT  UND 
     1: 00000000000001c8     0 SECTION LOCAL  DEFAULT    1 .interp
     2: 00000000000001e8     0 SECTION LOCAL  DEFAULT    2 .hash
     3: 0000000000000248     0 SECTION LOCAL  DEFAULT    3 .gnu.hash
     4: 0000000000000270     0 SECTION LOCAL  DEFAULT    4 .dynsym
     5: 0000000000000420     0 SECTION LOCAL  DEFAULT    5 .dynstr
     6: 00000000000004f0     0 SECTION LOCAL  DEFAULT    6 .rela.dyn
     7: 0000000000000658     0 SECTION LOCAL  DEFAULT    7 .rela.plt
     8: 0000000000000720     0 SECTION LOCAL  DEFAULT    8 .plt
     9: 00000000000007c0     0 SECTION LOCAL  DEFAULT    9 .text
    10: 0000000000003ea8     0 SECTION LOCAL  DEFAULT   10 .rodata
    11: 00000000000042e0     0 SECTION LOCAL  DEFAULT   11 .eh_frame
    12: 0000000000005e30     0 SECTION LOCAL  DEFAULT   12 .init_array
    13: 0000000000005e38     0 SECTION LOCAL  DEFAULT   13 .fini_array
    14: 0000000000005e40     0 SECTION LOCAL  DEFAULT   14 .dynamic
    15: 0000000000006000     0 SECTION LOCAL  DEFAULT   15 .data
    16: 0000000000006028     0 SECTION LOCAL  DEFAULT   16 .got
    17: 00000000000060c0     0 SECTION LOCAL  DEFAULT   17 .bss
    18: 0000000000000000     0 SECTION LOCAL  DEFAULT   18 .comment
    19: 0000000000000000     0 FILE    LOCAL  DEFAULT  ABS Scrt1.c
    20: 0000000000000000     0 FILE    LOCAL  DEFAULT  ABS crtstuff.c
    21: 00000000000042e0     0 OBJECT  LOCAL  DEFAULT   11 
    22: 00000000000007fa     0 FUNC    LOCAL  DEFAULT    9 deregister_tm_clones
    23: 000000000000081c     0 FUNC    LOCAL  DEFAULT    9 register_tm_clones
    24: 0000000000000848     0 FUNC    LOCAL  DEFAULT    9 __do_global_dtors_aux
    25: 00000000000060c0     1 OBJECT  LOCAL  DEFAULT   17 completed.1
    26: 0000000000005e38     0 OBJECT  LOCAL  DEFAULT   13 __do_global_dtor[...]
    27: 0000000000000896     0 FUNC    LOCAL  DEFAULT    9 frame_dummy
    28: 00000000000060c8    48 OBJECT  LOCAL  DEFAULT   17 object.0
    29: 0000000000005e30     0 OBJECT  LOCAL  DEFAULT   12 __frame_dummy_in[...]
    30: 0000000000000000     0 FILE    LOCAL  DEFAULT  ABS test.c
    31: 0000000000000000     0 FILE    LOCAL  DEFAULT  ABS unity.c
    32: 0000000000000e60    30 FUNC    LOCAL  DEFAULT    9 __FLOAT_BITS
    33: 0000000000004010     5 OBJECT  LOCAL  DEFAULT   10 UnityStrNull
    34: 0000000000004018     3 OBJECT  LOCAL  DEFAULT   10 UnityStrSpacer
    35: 0000000000004020    11 OBJECT  LOCAL  DEFAULT   10 UnityStrExpected
    36: 0000000000004030     6 OBJECT  LOCAL  DEFAULT   10 UnityStrWas
    37: 0000000000004038    21 OBJECT  LOCAL  DEFAULT   10 UnityStrGt
    38: 0000000000004050    18 OBJECT  LOCAL  DEFAULT   10 UnityStrLt
    39: 0000000000004068    13 OBJECT  LOCAL  DEFAULT   10 UnityStrOrEqual
    40: 0000000000004078    21 OBJECT  LOCAL  DEFAULT   10 UnityStrNotEqual
    41: 0000000000004090    10 OBJECT  LOCAL  DEFAULT   10 UnityStrElement
    42: 00000000000040a0     7 OBJECT  LOCAL  DEFAULT   10 UnityStrByte
    43: 00000000000040a8    18 OBJECT  LOCAL  DEFAULT   10 UnityStrMemory
    44: 00000000000040c0    26 OBJECT  LOCAL  DEFAULT   10 UnityStrDelta
    45: 00000000000040e0    55 OBJECT  LOCAL  DEFAULT   10 UnityStrPointless
    46: 0000000000004118    29 OBJECT  LOCAL  DEFAULT   10 UnityStrNullPoin[...]
    47: 0000000000004138    25 OBJECT  LOCAL  DEFAULT   10 UnityStrNullPoin[...]
    48: 0000000000004158     5 OBJECT  LOCAL  DEFAULT   10 UnityStrNot
    49: 0000000000004160     9 OBJECT  LOCAL  DEFAULT   10 UnityStrInf
    50: 0000000000004170    18 OBJECT  LOCAL  DEFAULT   10 UnityStrNegInf
    51: 0000000000004188     4 OBJECT  LOCAL  DEFAULT   10 UnityStrNaN
    52: 0000000000004190    12 OBJECT  LOCAL  DEFAULT   10 UnityStrDet
    53: 00000000000041a0    20 OBJECT  LOCAL  DEFAULT   10 UnityStrInvalidF[...]
    54: 0000000000004240    24 OBJECT  LOCAL  DEFAULT   10 UnityStrBreaker
    55: 0000000000004258     8 OBJECT  LOCAL  DEFAULT   10 UnityStrResultsTests
    56: 0000000000004260    11 OBJECT  LOCAL  DEFAULT   10 UnityStrResultsF[...]
    57: 0000000000004270    10 OBJECT  LOCAL  DEFAULT   10 UnityStrResultsI[...]
    58: 0000000000004280    10 OBJECT  LOCAL  DEFAULT   10 UnityStrDetail1Name
    59: 0000000000004290    11 OBJECT  LOCAL  DEFAULT   10 UnityStrDetail2Name
    60: 0000000000000e7e   176 FUNC    LOCAL  DEFAULT    9 UnityPrintChar
    61: 0000000000000f2e   122 FUNC    LOCAL  DEFAULT    9 UnityPrintAnsiEs[...]
    62: 00000000000042c0     4 OBJECT  LOCAL  DEFAULT   10 max_scaled.2
    63: 00000000000042c4     4 OBJECT  LOCAL  DEFAULT   10 min_scaled.1
    64: 00000000000042c8     4 OBJECT  LOCAL  DEFAULT   10 sig_digits.0
    65: 0000000000001982    84 FUNC    LOCAL  DEFAULT    9 UnityTestResultsBegin
    66: 00000000000019d6    62 FUNC    LOCAL  DEFAULT    9 UnityTestResults[...]
    67: 0000000000001ab8   140 FUNC    LOCAL  DEFAULT    9 UnityAddMsgIfSpe[...]
    68: 0000000000001b44   138 FUNC    LOCAL  DEFAULT    9 UnityPrintExpect[...]
    69: 0000000000001bce   156 FUNC    LOCAL  DEFAULT    9 UnityPrintExpect[...]
    70: 0000000000001c6a   128 FUNC    LOCAL  DEFAULT    9 UnityIsOneArrayNull
    71: 000000000000235c   414 FUNC    LOCAL  DEFAULT    9 UnityFloatsWithin
    72: 00000000000062a0     8 OBJECT  LOCAL  DEFAULT   17 UnityQuickCompare
    73: 0000000000000000     0 FILE    LOCAL  DEFAULT  ABS crtstuff.c
    74: 00000000000042e0     0 OBJECT  LOCAL  DEFAULT   11 __FRAME_END__
    75: 0000000000000000     0 FILE    LOCAL  DEFAULT  ABS 
    76: 0000000000005e40     0 OBJECT  LOCAL  DEFAULT  ABS _DYNAMIC
    77: 0000000000000720     0 OBJECT  LOCAL  DEFAULT  ABS _PROCEDURE_LINKA[...]
    78: 0000000000006078     0 OBJECT  LOCAL  DEFAULT  ABS _GLOBAL_OFFSET_TABLE_
    79: 0000000000000000     0 FUNC    GLOBAL DEFAULT  UND longjmp
    80: 0000000000000000     0 FUNC    GLOBAL DEFAULT  UND putchar
    81: 0000000000000000     0 FUNC    GLOBAL DEFAULT  UND setjmp
    82: 0000000000000fa8   124 FUNC    GLOBAL DEFAULT    9 UnityPrint
    83: 0000000000004220    30 OBJECT  GLOBAL DEFAULT   10 UnityStrErr64
    84: 0000000000006800     0 NOTYPE  GLOBAL HIDDEN   ABS __global_pointer$
    85: 00000000000039da   182 FUNC    GLOBAL DEFAULT    9 UnityNumToPtr
    86: 0000000000003408   308 FUNC    GLOBAL DEFAULT    9 UnityAssertEqual[...]
    87: 00000000000032f6   274 FUNC    GLOBAL DEFAULT    9 UnityAssertEqual[...]
    88: 0000000000001396   128 FUNC    GLOBAL DEFAULT    9 UnityPrintMask
    89: 0000000000001116   276 FUNC    GLOBAL DEFAULT    9 UnityPrintNumber[...]
    90: 0000000000001cea   192 FUNC    GLOBAL DEFAULT    9 UnityAssertBits
    91: 000000000000122a    66 FUNC    GLOBAL DEFAULT    9 UnityPrintNumber
    92: 0000000000003772   616 FUNC    GLOBAL DEFAULT    9 UnityAssertEqual[...]
    93: 00000000000060c0     0 NOTYPE  GLOBAL DEFAULT   16 __SDATA_BEGIN__
    94: 0000000000002920   372 FUNC    GLOBAL DEFAULT    9 UnityAssertGreat[...]
    95: 0000000000006028     0 OBJECT  GLOBAL HIDDEN    16 __TMC_END__
    96: 00000000000041e0    30 OBJECT  GLOBAL DEFAULT   10 UnityStrErrFloat
    97: 0000000000000000     0 FUNC    WEAK   DEFAULT  UND __cxa_finalize
    98: 0000000000003fe0    14 OBJECT  GLOBAL DEFAULT   10 UnityStrPass
    99: 0000000000000000     0 FUNC    GLOBAL DEFAULT  UND malloc
   100: 00000000000009a6   166 FUNC    GLOBAL DEFAULT    9 test_advance
   101: 0000000000006000     0 OBJECT  GLOBAL HIDDEN    15 __dso_handle
   102: 0000000000004000    16 OBJECT  GLOBAL DEFAULT   10 UnityStrIgnore
   103: 0000000000003a90    42 FUNC    GLOBAL DEFAULT    9 UnityFloatToPtr
   104: 000000000000126c   124 FUNC    GLOBAL DEFAULT    9 UnityPrintNumber[...]
   105: 00000000000024fa   706 FUNC    GLOBAL DEFAULT    9 UnityAssertWithi[...]
   106: 0000000000000000     0 FUNC    WEAK   DEFAULT  UND _init
   107: 0000000000000000     0 FUNC    GLOBAL DEFAULT  UND calloc
   108: 0000000000003d40    32 FUNC    GLOBAL DEFAULT    9 UnitySetTestFile
   109: 0000000000002012   842 FUNC    GLOBAL DEFAULT    9 UnityAssertEqual[...]
   110: 00000000000060f8   424 OBJECT  GLOBAL DEFAULT   17 Unity
   111: 0000000000002d0e   398 FUNC    GLOBAL DEFAULT    9 UnityAssertNumbe[...]
   112: 0000000000000000     0 NOTYPE  WEAK   DEFAULT  UND __deregister_fra[...]
   113: 0000000000000000     0 NOTYPE  WEAK   DEFAULT  UND _ITM_registerTMC[...]
   114: 0000000000000ab4   190 FUNC    GLOBAL DEFAULT    9 test_array_allocation
   115: 00000000000007c0     0 FUNC    GLOBAL DEFAULT    9 _start
   116: 00000000000007d8    34 FUNC    GLOBAL DEFAULT    9 _start_c
   117: 000000000000353c   566 FUNC    GLOBAL DEFAULT    9 UnityAssertEqual[...]
   118: 0000000000000000     0 FUNC    GLOBAL DEFAULT  UND realloc
   119: 0000000000003ca2   158 FUNC    GLOBAL DEFAULT    9 UnityDefaultTestRun
   120: 0000000000001e62   432 FUNC    GLOBAL DEFAULT    9 UnityAssertGreat[...]
   121: 00000000000062a8     0 NOTYPE  GLOBAL DEFAULT   17 __BSS_END__
   122: 0000000000003aba   252 FUNC    GLOBAL DEFAULT    9 UnityFail
   123: 0000000000000000     0 NOTYPE  WEAK   DEFAULT  UND _ITM_deregisterT[...]
   124: 00000000000060c0     0 NOTYPE  GLOBAL DEFAULT   17 __bss_start
   125: 0000000000000d94   204 FUNC    GLOBAL DEFAULT    9 main
   126: 0000000000003fd0    12 OBJECT  GLOBAL DEFAULT   10 UnityStrOk
   127: 0000000000003d60   140 FUNC    GLOBAL DEFAULT    9 UnityBegin
   128: 00000000000008da   204 FUNC    GLOBAL DEFAULT    9 test_basic
   129: 0000000000000b72   264 FUNC    GLOBAL DEFAULT    9 test_struct_allo[...]
   130: 0000000000001024   242 FUNC    GLOBAL DEFAULT    9 UnityPrintLen
   131: 0000000000001416  1388 FUNC    GLOBAL DEFAULT    9 UnityPrintFloat
   132: 0000000000000000     0 FUNC    WEAK   DEFAULT  UND _fini
   133: 00000000000041b8    33 OBJECT  GLOBAL DEFAULT   10 UnityStrErrShorthand
   134: 00000000000027bc   178 FUNC    GLOBAL DEFAULT    9 UnityAssertFloat[...]
   135: 0000000000000c7a   160 FUNC    GLOBAL DEFAULT    9 test_realloc_behavior
   136: 0000000000002a94   634 FUNC    GLOBAL DEFAULT    9 UnityAssertFloat[...]
   137: 0000000000006000     0 NOTYPE  GLOBAL DEFAULT   15 __DATA_BEGIN__
   138: 00000000000008be    14 FUNC    GLOBAL DEFAULT    9 setUp
   139: 00000000000060c0     0 NOTYPE  GLOBAL DEFAULT   16 _edata
   140: 00000000000062a8     0 NOTYPE  GLOBAL DEFAULT   17 _end
   141: 0000000000000a4c   104 FUNC    GLOBAL DEFAULT    9 test_simple_allo[...]
   142: 0000000000003c44    94 FUNC    GLOBAL DEFAULT    9 UnityMessage
   143: 0000000000001daa   184 FUNC    GLOBAL DEFAULT    9 UnityAssertEqual[...]
   144: 00000000000008cc    14 FUNC    GLOBAL DEFAULT    9 tearDown
   145: 0000000000002e9c  1114 FUNC    GLOBAL DEFAULT    9 UnityAssertNumbe[...]
   146: 0000000000000000     0 FUNC    GLOBAL DEFAULT  UND __libc_start_main
   147: 00000000000012e8   174 FUNC    GLOBAL DEFAULT    9 UnityPrintNumberHex
   148: 0000000000004200    32 OBJECT  GLOBAL DEFAULT   10 UnityStrErrDouble
   149: 000000000000286e   178 FUNC    GLOBAL DEFAULT    9 UnityAssertFloat[...]
   150: 0000000000001a14   164 FUNC    GLOBAL DEFAULT    9 UnityConcludeTest
   151: 0000000000003bb6   142 FUNC    GLOBAL DEFAULT    9 UnityIgnore
   152: 0000000000003ff0    14 OBJECT  GLOBAL DEFAULT   10 UnityStrFail
   153: 0000000000003dec   188 FUNC    GLOBAL DEFAULT    9 UnityEnd
   154: 0000000000000000     0 NOTYPE  WEAK   DEFAULT  UND __register_frame_info
   155: 0000000000000000     0 FUNC    GLOBAL DEFAULT  UND free
   156: 0000000000000d1a   122 FUNC    GLOBAL DEFAULT    9 test_calloc_init[...]

Histogram for bucket list length (total of 3 buckets):
 Length  Number     % of total  Coverage
      0  0          (  0.0%)
      1  0          (  0.0%)      0.0%
      2  1          ( 33.3%)     12.5%
      3  0          (  0.0%)     12.5%
      4  1          ( 33.3%)     37.5%
      5  0          (  0.0%)     37.5%
      6  0          (  0.0%)     37.5%
      7  0          (  0.0%)     37.5%
      8  0          (  0.0%)     37.5%
      9  0          (  0.0%)     37.5%
     10  1          ( 33.3%)    100.0%

Histogram for `.gnu.hash' bucket list length (total of 2 buckets):
 Length  Number     % of total  Coverage
      0  1          ( 50.0%)
      1  1          ( 50.0%)    100.0%

No version information found in this file.
