---
source: xtask/src/main.rs
description: riscv64-linux-musl-gcc (GCC) 9.4.0
expression: from_utf8(&output.stdout).unwrap()
---
ELF Header:
  Magic:   7f 45 4c 46 02 01 01 00 00 00 00 00 00 00 00 00 
  Class:                             ELF64
  Data:                              2's complement, little endian
  Version:                           1 (current)
  OS/ABI:                            UNIX - System V
  ABI Version:                       0
  Type:                              EXEC (Executable file)
  Machine:                           RISC-V
  Version:                           0x1
  Entry point address:               0x10660
  Start of program headers:          64 (bytes into file)
  Start of section headers:          6496 (bytes into file)
  Flags:                             0x5, RVC, double-float ABI
  Size of this header:               64 (bytes)
  Size of program headers:           56 (bytes)
  Number of program headers:         7
  Size of section headers:           64 (bytes)
  Number of section headers:         22
  Section header string table index: 21

Section Headers:
  [Nr] Name              Type             Address           Offset
       Size              EntSize          Flags  Link  Info  Align
  [ 0]                   NULL             0000000000000000  00000000
       0000000000000000  0000000000000000           0     0     0
  [ 1] .interp           PROGBITS         00000000000101c8  000001c8
       000000000000001a  0000000000000000   A       0     0     1
  [ 2] .hash             HASH             00000000000101e8  000001e8
       0000000000000048  0000000000000004   A       4     0     8
  [ 3] .gnu.hash         GNU_HASH         0000000000010230  00000230
       000000000000005c  0000000000000000   A       4     0     8
  [ 4] .dynsym           DYNSYM           0000000000010290  00000290
       0000000000000138  0000000000000018   A       5     1     8
  [ 5] .dynstr           STRTAB           00000000000103c8  000003c8
       00000000000000a0  0000000000000000   A       0     0     1
  [ 6] .rela.dyn         RELA             0000000000010468  00000468
       0000000000000018  0000000000000018   A       4     0     8
  [ 7] .rela.plt         RELA             0000000000010480  00000480
       0000000000000108  0000000000000018  AI       4    15     8
  [ 8] .plt              PROGBITS         0000000000010590  00000590
       00000000000000d0  0000000000000010  AX       0     0     16
  [ 9] .text             PROGBITS         0000000000010660  00000660
       0000000000000256  0000000000000000  AX       0     0     2
  [10] .rodata           PROGBITS         00000000000108b8  000008b8
       0000000000000073  0000000000000000   A       0     0     8
  [11] .eh_frame         PROGBITS         000000000001092c  0000092c
       0000000000000004  0000000000000000   A       0     0     4
  [12] .init_array       INIT_ARRAY       0000000000011e40  00000e40
       0000000000000008  0000000000000008  WA       0     0     8
  [13] .fini_array       FINI_ARRAY       0000000000011e48  00000e48
       0000000000000008  0000000000000008  WA       0     0     8
  [14] .dynamic          DYNAMIC          0000000000011e50  00000e50
       00000000000001b0  0000000000000010  WA       5     0     8
  [15] .got              PROGBITS         0000000000012000  00001000
       0000000000000078  0000000000000008  WA       0     0     8
  [16] .sdata            PROGBITS         0000000000012078  00001078
       0000000000000008  0000000000000000  WA       0     0     8
  [17] .bss              NOBITS           0000000000012080  00001080
       0000000000000068  0000000000000000  WA       0     0     8
  [18] .comment          PROGBITS         0000000000000000  00001080
       0000000000000011  0000000000000001  MS       0     0     1
  [19] .symtab           SYMTAB           0000000000000000  00001098
       0000000000000600  0000000000000018          20    37     8
  [20] .strtab           STRTAB           0000000000000000  00001698
       000000000000021e  0000000000000000           0     0     1
  [21] .shstrtab         STRTAB           0000000000000000  000018b6
       00000000000000a4  0000000000000000           0     0     1
Key to Flags:
  W (write), A (alloc), X (execute), M (merge), S (strings), I (info),
  L (link order), O (extra OS processing required), G (group), T (TLS),
  C (compressed), x (unknown), o (OS specific), E (exclude),
  p (processor specific)

There are no section groups in this file.

Program Headers:
  Type           Offset             VirtAddr           PhysAddr
                 FileSiz            MemSiz              Flags  Align
  PHDR           0x0000000000000040 0x0000000000010040 0x0000000000010040
                 0x0000000000000188 0x0000000000000188  R      0x8
  INTERP         0x00000000000001c8 0x00000000000101c8 0x00000000000101c8
                 0x000000000000001a 0x000000000000001a  R      0x1
      [Requesting program interpreter: /lib/ld-musl-riscv64.so.1]
  LOAD           0x0000000000000000 0x0000000000010000 0x0000000000010000
                 0x0000000000000930 0x0000000000000930  R E    0x1000
  LOAD           0x0000000000000e40 0x0000000000011e40 0x0000000000011e40
                 0x0000000000000240 0x00000000000002a8  RW     0x1000
  DYNAMIC        0x0000000000000e50 0x0000000000011e50 0x0000000000011e50
                 0x00000000000001b0 0x00000000000001b0  RW     0x8
  GNU_STACK      0x0000000000000000 0x0000000000000000 0x0000000000000000
                 0x0000000000000000 0x0000000000000000  RW     0x10
  GNU_RELRO      0x0000000000000e40 0x0000000000011e40 0x0000000000011e40
                 0x00000000000001c0 0x00000000000001c0  R      0x1

 Section to Segment mapping:
  Segment Sections...
   00     
   01     .interp 
   02     .interp .hash .gnu.hash .dynsym .dynstr .rela.dyn .rela.plt .plt .text .rodata .eh_frame 
   03     .init_array .fini_array .dynamic .got .sdata .bss 
   04     .dynamic 
   05     
   06     .init_array .fini_array .dynamic 

Dynamic section at offset 0xe50 contains 22 entries:
  Tag        Type                         Name/Value
 0x0000000000000001 (NEEDED)             Shared library: [libc.so]
 0x000000000000000c (INIT)               0x105e0
 0x000000000000000d (FINI)               0x10600
 0x0000000000000019 (INIT_ARRAY)         0x11e40
 0x000000000000001b (INIT_ARRAYSZ)       8 (bytes)
 0x000000000000001a (FINI_ARRAY)         0x11e48
 0x000000000000001c (FINI_ARRAYSZ)       8 (bytes)
 0x0000000000000004 (HASH)               0x101e8
 0x000000006ffffef5 (GNU_HASH)           0x10230
 0x0000000000000005 (STRTAB)             0x103c8
 0x0000000000000006 (SYMTAB)             0x10290
 0x000000000000000a (STRSZ)              160 (bytes)
 0x000000000000000b (SYMENT)             24 (bytes)
 0x0000000000000015 (DEBUG)              0x0
 0x0000000000000003 (PLTGOT)             0x12000
 0x0000000000000002 (PLTRELSZ)           264 (bytes)
 0x0000000000000014 (PLTREL)             RELA
 0x0000000000000017 (JMPREL)             0x10480
 0x0000000000000007 (RELA)               0x10468
 0x0000000000000008 (RELASZ)             288 (bytes)
 0x0000000000000009 (RELAENT)            24 (bytes)
 0x0000000000000000 (NULL)               0x0

Relocation section '.rela.dyn' at offset 0x468 contains 1 entry:
  Offset          Info           Type           Sym. Value    Sym. Name + Addend
000000012070  000500000002 R_RISCV_64        00000000000120c0 mutex + 0

Relocation section '.rela.plt' at offset 0x480 contains 11 entries:
  Offset          Info           Type           Sym. Value    Sym. Name + Addend
000000012010  000200000005 R_RISCV_JUMP_SLOT 00000000000105b0 printf + 0
000000012018  000400000005 R_RISCV_JUMP_SLOT 00000000000105c0 pthread_create + 0
000000012020  000100000005 R_RISCV_JUMP_SLOT 00000000000105d0 puts + 0
000000012028  000300000005 R_RISCV_JUMP_SLOT 0000000000000000 _init + 0
000000012030  000600000005 R_RISCV_JUMP_SLOT 00000000000105f0 pthread_mutex_unlock + 0
000000012038  000700000005 R_RISCV_JUMP_SLOT 0000000000000000 _fini + 0
000000012040  000800000005 R_RISCV_JUMP_SLOT 0000000000010610 pthread_mutex_destroy + 0
000000012048  000900000005 R_RISCV_JUMP_SLOT 0000000000010620 pthread_mutex_lock + 0
000000012050  000a00000005 R_RISCV_JUMP_SLOT 0000000000010630 pthread_mutex_init + 0
000000012058  000b00000005 R_RISCV_JUMP_SLOT 0000000000010640 __libc_start_main + 0
000000012060  000c00000005 R_RISCV_JUMP_SLOT 0000000000010650 pthread_join + 0

The decoding of unwind sections for machine type RISC-V is not currently supported.

Symbol table '.dynsym' contains 13 entries:
   Num:    Value          Size Type    Bind   Vis      Ndx Name
     0: 0000000000000000     0 NOTYPE  LOCAL  DEFAULT  UND 
     1: 00000000000105d0     0 FUNC    GLOBAL DEFAULT  UND puts
     2: 00000000000105b0     0 FUNC    GLOBAL DEFAULT  UND printf
     3: 0000000000000000     0 FUNC    WEAK   DEFAULT  UND _init
     4: 00000000000105c0     0 FUNC    GLOBAL DEFAULT  UND pthread_create
     5: 00000000000120c0    40 OBJECT  GLOBAL DEFAULT   17 mutex
     6: 00000000000105f0     0 FUNC    GLOBAL DEFAULT  UND pthread_mutex_unlock
     7: 0000000000000000     0 FUNC    WEAK   DEFAULT  UND _fini
     8: 0000000000010610     0 FUNC    GLOBAL DEFAULT  UND pthread_mutex_destroy
     9: 0000000000010620     0 FUNC    GLOBAL DEFAULT  UND pthread_mutex_lock
    10: 0000000000010630     0 FUNC    GLOBAL DEFAULT  UND pthread_mutex_init
    11: 0000000000010640     0 FUNC    GLOBAL DEFAULT  UND __libc_start_main
    12: 0000000000010650     0 FUNC    GLOBAL DEFAULT  UND pthread_join

Symbol table '.symtab' contains 64 entries:
   Num:    Value          Size Type    Bind   Vis      Ndx Name
     0: 0000000000000000     0 NOTYPE  LOCAL  DEFAULT  UND 
     1: 00000000000101c8     0 SECTION LOCAL  DEFAULT    1 
     2: 00000000000101e8     0 SECTION LOCAL  DEFAULT    2 
     3: 0000000000010230     0 SECTION LOCAL  DEFAULT    3 
     4: 0000000000010290     0 SECTION LOCAL  DEFAULT    4 
     5: 00000000000103c8     0 SECTION LOCAL  DEFAULT    5 
     6: 0000000000010468     0 SECTION LOCAL  DEFAULT    6 
     7: 0000000000010480     0 SECTION LOCAL  DEFAULT    7 
     8: 0000000000010590     0 SECTION LOCAL  DEFAULT    8 
     9: 0000000000010660     0 SECTION LOCAL  DEFAULT    9 
    10: 00000000000108b8     0 SECTION LOCAL  DEFAULT   10 
    11: 000000000001092c     0 SECTION LOCAL  DEFAULT   11 
    12: 0000000000011e40     0 SECTION LOCAL  DEFAULT   12 
    13: 0000000000011e48     0 SECTION LOCAL  DEFAULT   13 
    14: 0000000000011e50     0 SECTION LOCAL  DEFAULT   14 
    15: 0000000000012000     0 SECTION LOCAL  DEFAULT   15 
    16: 0000000000012078     0 SECTION LOCAL  DEFAULT   16 
    17: 0000000000012080     0 SECTION LOCAL  DEFAULT   17 
    18: 0000000000000000     0 SECTION LOCAL  DEFAULT   18 
    19: 0000000000000000     0 FILE    LOCAL  DEFAULT  ABS crt1.c
    20: 0000000000000000     0 FILE    LOCAL  DEFAULT  ABS crtstuff.c
    21: 000000000001092c     0 OBJECT  LOCAL  DEFAULT   11 
    22: 0000000000010694     0 FUNC    LOCAL  DEFAULT    9 deregister_tm_clones
    23: 00000000000106b8     0 FUNC    LOCAL  DEFAULT    9 register_tm_clones
    24: 00000000000106e8     0 FUNC    LOCAL  DEFAULT    9 __do_global_dtors_aux
    25: 0000000000012080     1 OBJECT  LOCAL  DEFAULT   17 completed.4702
    26: 0000000000011e48     0 OBJECT  LOCAL  DEFAULT   13 __do_global_dtors_aux_fin
    27: 000000000001071e     0 FUNC    LOCAL  DEFAULT    9 frame_dummy
    28: 0000000000012088    48 OBJECT  LOCAL  DEFAULT   17 object.4707
    29: 0000000000011e40     0 OBJECT  LOCAL  DEFAULT   12 __frame_dummy_init_array_
    30: 0000000000000000     0 FILE    LOCAL  DEFAULT  ABS mutex.c
    31: 0000000000000000     0 FILE    LOCAL  DEFAULT  ABS crtstuff.c
    32: 000000000001092c     0 OBJECT  LOCAL  DEFAULT   11 __FRAME_END__
    33: 0000000000000000     0 FILE    LOCAL  DEFAULT  ABS 
    34: 0000000000011e50     0 OBJECT  LOCAL  DEFAULT   14 _DYNAMIC
    35: 0000000000010590     0 OBJECT  LOCAL  DEFAULT    8 _PROCEDURE_LINKAGE_TABLE_
    36: 0000000000012068     0 OBJECT  LOCAL  DEFAULT   15 _GLOBAL_OFFSET_TABLE_
    37: 00000000000105b0     0 FUNC    GLOBAL DEFAULT  UND printf
    38: 0000000000012800     0 NOTYPE  GLOBAL HIDDEN   ABS __global_pointer$
    39: 00000000000105c0     0 FUNC    GLOBAL DEFAULT  UND pthread_create
    40: 0000000000012078     0 NOTYPE  GLOBAL DEFAULT   16 __SDATA_BEGIN__
    41: 0000000000012000     0 OBJECT  GLOBAL HIDDEN    15 __TMC_END__
    42: 00000000000105d0     0 FUNC    GLOBAL DEFAULT  UND puts
    43: 0000000000012078     0 OBJECT  GLOBAL HIDDEN    16 __dso_handle
    44: 0000000000000000     0 FUNC    WEAK   DEFAULT  UND _init
    45: 00000000000120c0    40 OBJECT  GLOBAL DEFAULT   17 mutex
    46: 0000000000010660     0 FUNC    GLOBAL DEFAULT    9 _start
    47: 0000000000010678    28 FUNC    GLOBAL DEFAULT    9 _start_c
    48: 0000000000010746   116 FUNC    GLOBAL DEFAULT    9 thread_run
    49: 00000000000120e8     0 NOTYPE  GLOBAL DEFAULT   17 __BSS_END__
    50: 0000000000012080     0 NOTYPE  GLOBAL DEFAULT   17 __bss_start
    51: 000000000001083a   124 FUNC    GLOBAL DEFAULT    9 main
    52: 00000000000105f0     0 FUNC    GLOBAL DEFAULT  UND pthread_mutex_unlock
    53: 00000000000107ba   128 FUNC    GLOBAL DEFAULT    9 test_mutex
    54: 00000000000120b8     4 OBJECT  GLOBAL DEFAULT   17 count
    55: 0000000000000000     0 FUNC    WEAK   DEFAULT  UND _fini
    56: 0000000000012000     0 NOTYPE  GLOBAL DEFAULT   15 __DATA_BEGIN__
    57: 0000000000012080     0 NOTYPE  GLOBAL DEFAULT   16 _edata
    58: 00000000000120e8     0 NOTYPE  GLOBAL DEFAULT   17 _end
    59: 0000000000010610     0 FUNC    GLOBAL DEFAULT  UND pthread_mutex_destroy
    60: 0000000000010620     0 FUNC    GLOBAL DEFAULT  UND pthread_mutex_lock
    61: 0000000000010630     0 FUNC    GLOBAL DEFAULT  UND pthread_mutex_init
    62: 0000000000010640     0 FUNC    GLOBAL DEFAULT  UND __libc_start_main
    63: 0000000000010650     0 FUNC    GLOBAL DEFAULT  UND pthread_join

Histogram for bucket list length (total of 3 buckets):
 Length  Number     % of total  Coverage
      0  0          (  0.0%)
      1  0          (  0.0%)      0.0%
      2  0          (  0.0%)      0.0%
      3  0          (  0.0%)      0.0%
      4  3          (100.0%)    100.0%

Histogram for `.gnu.hash' bucket list length (total of 3 buckets):
 Length  Number     % of total  Coverage
      0  0          (  0.0%)
      1  1          ( 33.3%)      8.3%
      2  1          ( 33.3%)     25.0%
      3  0          (  0.0%)     25.0%
      4  0          (  0.0%)     25.0%
      5  0          (  0.0%)     25.0%
      6  0          (  0.0%)     25.0%
      7  0          (  0.0%)     25.0%
      8  0          (  0.0%)     25.0%
      9  1          ( 33.3%)    100.0%

No version information found in this file.
